stm32_adafruit_lcd.c:120:9:BSP_LCD_Init	16	static
stm32_adafruit_lcd.c:147:10:BSP_LCD_GetXSize	8	static
stm32_adafruit_lcd.c:157:10:BSP_LCD_GetYSize	8	static
stm32_adafruit_lcd.c:167:10:BSP_LCD_GetTextColor	4	static
stm32_adafruit_lcd.c:177:10:BSP_LCD_GetBackColor	4	static
stm32_adafruit_lcd.c:187:6:BSP_LCD_SetTextColor	16	static
stm32_adafruit_lcd.c:197:6:BSP_LCD_SetBackColor	16	static
stm32_adafruit_lcd.c:207:6:BSP_LCD_SetFont	16	static
stm32_adafruit_lcd.c:217:8:BSP_LCD_GetFont	4	static
stm32_adafruit_lcd.c:227:6:BSP_LCD_Clear	32	static
stm32_adafruit_lcd.c:241:6:BSP_LCD_ClearStringLine	32	static
stm32_adafruit_lcd.c:261:6:BSP_LCD_DisplayChar	16	static
stm32_adafruit_lcd.c:279:6:BSP_LCD_DisplayStringAt	48	static
stm32_adafruit_lcd.c:340:6:BSP_LCD_DisplayStringAtLine	16	static
stm32_adafruit_lcd.c:352:6:BSP_LCD_DrawPixel	16	static
stm32_adafruit_lcd.c:367:6:BSP_LCD_DrawHLine	32	static
stm32_adafruit_lcd.c:391:6:BSP_LCD_DrawVLine	32	static
stm32_adafruit_lcd.c:417:6:BSP_LCD_DrawLine	56	static
stm32_adafruit_lcd.c:492:6:BSP_LCD_DrawRect	24	static
stm32_adafruit_lcd.c:510:6:BSP_LCD_DrawCircle	32	static
stm32_adafruit_lcd.c:550:6:BSP_LCD_DrawPolygon	32	static
stm32_adafruit_lcd.c:578:6:BSP_LCD_DrawEllipse	56	static
stm32_adafruit_lcd.c:611:6:BSP_LCD_DrawBitmap	32	static
stm32_adafruit_lcd.c:639:6:BSP_LCD_FillRect	32	static
stm32_adafruit_lcd.c:651:6:BSP_LCD_FillCircle	32	static
stm32_adafruit_lcd.c:698:6:BSP_LCD_FillPolygon	64	static
stm32_adafruit_lcd.c:766:6:BSP_LCD_FillEllipse	56	static
stm32_adafruit_lcd.c:797:6:BSP_LCD_DisplayOn	8	static
stm32_adafruit_lcd.c:807:6:BSP_LCD_DisplayOff	8	static
stm32_adafruit_lcd.c:823:13:DrawChar	48	static
stm32_adafruit_lcd.c:895:6:BSP_LCD_FillTriangle	72	static
stm32_adafruit_lcd.c:984:13:SetDisplayWindow	24	static
stm32_adafruit_lcd.c:997:10:BSP_LCD_ReadID	8	static
stm32_adafruit_lcd.c:1011:10:BSP_LCD_ReadPixel	16	static
stm32_adafruit_lcd.c:1028:6:BSP_LCD_DrawRGB16Image	32	static
stm32_adafruit_lcd.c:1042:6:BSP_LCD_ReadRGB16Image	32	static
stm32_adafruit_lcd.c:1054:6:BSP_LCD_Scroll	16	static
