Archive member included to satisfy reference by file (symbol)

c:/st/stm32cubeide_1.4.0/stm32cubeide/plugins/com.st.stm32cube.ide.mcu.externaltools.gnu-tools-for-stm32.9-2020-q2-update.win32_1.5.0.202011040924/tools/bin/../lib/gcc/arm-none-eabi/9.3.1/../../../../arm-none-eabi/lib/thumb/v7e-m+fp/hard\libc_nano.a(lib_a-errno.o)
                              Core/Src/syscalls.o (__errno)
c:/st/stm32cubeide_1.4.0/stm32cubeide/plugins/com.st.stm32cube.ide.mcu.externaltools.gnu-tools-for-stm32.9-2020-q2-update.win32_1.5.0.202011040924/tools/bin/../lib/gcc/arm-none-eabi/9.3.1/../../../../arm-none-eabi/lib/thumb/v7e-m+fp/hard\libc_nano.a(lib_a-exit.o)
                              c:/st/stm32cubeide_1.4.0/stm32cubeide/plugins/com.st.stm32cube.ide.mcu.externaltools.gnu-tools-for-stm32.9-2020-q2-update.win32_1.5.0.202011040924/tools/bin/../lib/gcc/arm-none-eabi/9.3.1/../../../../arm-none-eabi/lib/thumb/v7e-m+fp/hard/crt0.o (exit)
c:/st/stm32cubeide_1.4.0/stm32cubeide/plugins/com.st.stm32cube.ide.mcu.externaltools.gnu-tools-for-stm32.9-2020-q2-update.win32_1.5.0.202011040924/tools/bin/../lib/gcc/arm-none-eabi/9.3.1/../../../../arm-none-eabi/lib/thumb/v7e-m+fp/hard\libc_nano.a(lib_a-impure.o)
                              c:/st/stm32cubeide_1.4.0/stm32cubeide/plugins/com.st.stm32cube.ide.mcu.externaltools.gnu-tools-for-stm32.9-2020-q2-update.win32_1.5.0.202011040924/tools/bin/../lib/gcc/arm-none-eabi/9.3.1/../../../../arm-none-eabi/lib/thumb/v7e-m+fp/hard\libc_nano.a(lib_a-exit.o) (_global_impure_ptr)
c:/st/stm32cubeide_1.4.0/stm32cubeide/plugins/com.st.stm32cube.ide.mcu.externaltools.gnu-tools-for-stm32.9-2020-q2-update.win32_1.5.0.202011040924/tools/bin/../lib/gcc/arm-none-eabi/9.3.1/../../../../arm-none-eabi/lib/thumb/v7e-m+fp/hard\libc_nano.a(lib_a-init.o)
                              c:/st/stm32cubeide_1.4.0/stm32cubeide/plugins/com.st.stm32cube.ide.mcu.externaltools.gnu-tools-for-stm32.9-2020-q2-update.win32_1.5.0.202011040924/tools/bin/../lib/gcc/arm-none-eabi/9.3.1/../../../../arm-none-eabi/lib/thumb/v7e-m+fp/hard/crt0.o (__libc_init_array)
c:/st/stm32cubeide_1.4.0/stm32cubeide/plugins/com.st.stm32cube.ide.mcu.externaltools.gnu-tools-for-stm32.9-2020-q2-update.win32_1.5.0.202011040924/tools/bin/../lib/gcc/arm-none-eabi/9.3.1/../../../../arm-none-eabi/lib/thumb/v7e-m+fp/hard\libc_nano.a(lib_a-memcpy-stub.o)
                              Core/Src/main.o (memcpy)
c:/st/stm32cubeide_1.4.0/stm32cubeide/plugins/com.st.stm32cube.ide.mcu.externaltools.gnu-tools-for-stm32.9-2020-q2-update.win32_1.5.0.202011040924/tools/bin/../lib/gcc/arm-none-eabi/9.3.1/../../../../arm-none-eabi/lib/thumb/v7e-m+fp/hard\libc_nano.a(lib_a-memset.o)
                              c:/st/stm32cubeide_1.4.0/stm32cubeide/plugins/com.st.stm32cube.ide.mcu.externaltools.gnu-tools-for-stm32.9-2020-q2-update.win32_1.5.0.202011040924/tools/bin/../lib/gcc/arm-none-eabi/9.3.1/../../../../arm-none-eabi/lib/thumb/v7e-m+fp/hard/crt0.o (memset)
c:/st/stm32cubeide_1.4.0/stm32cubeide/plugins/com.st.stm32cube.ide.mcu.externaltools.gnu-tools-for-stm32.9-2020-q2-update.win32_1.5.0.202011040924/tools/bin/../lib/gcc/arm-none-eabi/9.3.1/../../../../arm-none-eabi/lib/thumb/v7e-m+fp/hard\libc_nano.a(lib_a-printf.o)
                              Core/Src/App/appLcdSpeedTest.o (printf)
c:/st/stm32cubeide_1.4.0/stm32cubeide/plugins/com.st.stm32cube.ide.mcu.externaltools.gnu-tools-for-stm32.9-2020-q2-update.win32_1.5.0.202011040924/tools/bin/../lib/gcc/arm-none-eabi/9.3.1/../../../../arm-none-eabi/lib/thumb/v7e-m+fp/hard\libc_nano.a(lib_a-puts.o)
                              Core/Src/App/appLcdSpeedTest.o (puts)
c:/st/stm32cubeide_1.4.0/stm32cubeide/plugins/com.st.stm32cube.ide.mcu.externaltools.gnu-tools-for-stm32.9-2020-q2-update.win32_1.5.0.202011040924/tools/bin/../lib/gcc/arm-none-eabi/9.3.1/../../../../arm-none-eabi/lib/thumb/v7e-m+fp/hard\libc_nano.a(lib_a-random.o)
                              Core/Src/App/appLcdSpeedTest.o (random)
c:/st/stm32cubeide_1.4.0/stm32cubeide/plugins/com.st.stm32cube.ide.mcu.externaltools.gnu-tools-for-stm32.9-2020-q2-update.win32_1.5.0.202011040924/tools/bin/../lib/gcc/arm-none-eabi/9.3.1/../../../../arm-none-eabi/lib/thumb/v7e-m+fp/hard\libc_nano.a(lib_a-wbuf.o)
                              c:/st/stm32cubeide_1.4.0/stm32cubeide/plugins/com.st.stm32cube.ide.mcu.externaltools.gnu-tools-for-stm32.9-2020-q2-update.win32_1.5.0.202011040924/tools/bin/../lib/gcc/arm-none-eabi/9.3.1/../../../../arm-none-eabi/lib/thumb/v7e-m+fp/hard\libc_nano.a(lib_a-puts.o) (__swbuf_r)
c:/st/stm32cubeide_1.4.0/stm32cubeide/plugins/com.st.stm32cube.ide.mcu.externaltools.gnu-tools-for-stm32.9-2020-q2-update.win32_1.5.0.202011040924/tools/bin/../lib/gcc/arm-none-eabi/9.3.1/../../../../arm-none-eabi/lib/thumb/v7e-m+fp/hard\libc_nano.a(lib_a-wsetup.o)
[...]
Memory Configuration

Name             Origin             Length             Attributes
CCMRAM           0x0000000010000000 0x0000000000010000 xrw
RAM              0x0000000020000000 0x0000000000020000 xrw
FLASH            0x0000000008000000 0x0000000000100000 xr
*default*        0x0000000000000000 0xffffffffffffffff

Linker script and memory map

LOAD c:/st/stm32cubeide_1.4.0/stm32cubeide/plugins/com.st.stm32cube.ide.mcu.externaltools.gnu-tools-for-stm32.9-2020-q2-update.win32_1.5.0.202011040924/tools/bin/../lib/gcc/arm-none-eabi/9.3.1/thumb/v7e-m+fp/hard/crti.o
LOAD c:/st/stm32cubeide_1.4.0/stm32cubeide/plugins/com.st.stm32cube.ide.mcu.externaltools.gnu-tools-for-stm32.9-2020-q2-update.win32_1.5.0.202011040924/tools/bin/../lib/gcc/arm-none-eabi/9.3.1/thumb/v7e-m+fp/hard/crtbegin.o
LOAD c:/st/stm32cubeide_1.4.0/stm32cubeide/plugins/com.st.stm32cube.ide.mcu.externaltools.gnu-tools-for-stm32.9-2020-q2-update.win32_1.5.0.202011040924/tools/bin/../lib/gcc/arm-none-eabi/9.3.1/../../../../arm-none-eabi/lib/thumb/v7e-m+fp/hard/crt0.o
LOAD Core/Src/App/appLcdSpeedTest.o
LOAD Core/Src/App/beer_60x100_16.o
LOAD Core/Src/Lcd/Fonts/font12.o
LOAD Core/Src/Lcd/Fonts/font16.o
LOAD Core/Src/Lcd/Fonts/font20.o
LOAD Core/Src/Lcd/Fonts/font24.o
LOAD Core/Src/Lcd/Fonts/font8.o
LOAD Core/Src/Lcd/ili9325.o
LOAD Core/Src/Lcd/lcd_io_fsmc8.o
LOAD Core/Src/Lcd/stm32_adafruit_lcd.o
LOAD Core/Src/Lcd/stm32_adafruit_ts.o
LOAD Core/Src/ads7843.o
LOAD Core/Src/freertos.o
LOAD Core/Src/main.o
LOAD Core/Src/stm32f4xx_hal_msp.o
LOAD Core/Src/stm32f4xx_hal_timebase_tim.o
LOAD Core/Src/stm32f4xx_it.o
LOAD Core/Src/syscalls.o
LOAD Core/Src/sysmem.o
LOAD Core/Src/system_stm32f4xx.o
LOAD Core/Startup/startup_stm32f407vgtx.o
LOAD Core/camera/ov9655.o
LOAD Core/camera/ov9655_reg.o
LOAD Drivers/STM32F4xx_HAL_Driver/Src/stm32f4xx_hal.o
LOAD Drivers/STM32F4xx_HAL_Driver/Src/stm32f4xx_hal_cortex.o
LOAD Drivers/STM32F4xx_HAL_Driver/Src/stm32f4xx_hal_dcmi.o
LOAD Drivers/STM32F4xx_HAL_Driver/Src/stm32f4xx_hal_dcmi_ex.o
LOAD Drivers/STM32F4xx_HAL_Driver/Src/stm32f4xx_hal_dma.o
LOAD Drivers/STM32F4xx_HAL_Driver/Src/stm32f4xx_hal_dma_ex.o
LOAD Drivers/STM32F4xx_HAL_Driver/Src/stm32f4xx_hal_exti.o
LOAD Drivers/STM32F4xx_HAL_Driver/Src/stm32f4xx_hal_flash.o
LOAD Drivers/STM32F4xx_HAL_Driver/Src/stm32f4xx_hal_flash_ex.o
LOAD Drivers/STM32F4xx_HAL_Driver/Src/stm32f4xx_hal_flash_ramfunc.o
LOAD Drivers/STM32F4xx_HAL_Driver/Src/stm32f4xx_hal_gpio.o
LOAD Drivers/STM32F4xx_HAL_Driver/Src/stm32f4xx_hal_i2c.o
LOAD Drivers/STM32F4xx_HAL_Driver/Src/stm32f4xx_hal_i2c_ex.o
LOAD Drivers/STM32F4xx_HAL_Driver/Src/stm32f4xx_hal_pcd.o
LOAD Drivers/STM32F4xx_HAL_Driver/Src/stm32f4xx_hal_pcd_ex.o
LOAD Drivers/STM32F4xx_HAL_Driver/Src/stm32f4xx_hal_pwr.o
LOAD Drivers/STM32F4xx_HAL_Driver/Src/stm32f4xx_hal_pwr_ex.o
LOAD Drivers/STM32F4xx_HAL_Driver/Src/stm32f4xx_hal_rcc.o
LOAD Drivers/STM32F4xx_HAL_Driver/Src/stm32f4xx_hal_rcc_ex.o
LOAD Drivers/STM32F4xx_HAL_Driver/Src/stm32f4xx_hal_spi.o
LOAD Drivers/STM32F4xx_HAL_Driver/Src/stm32f4xx_hal_sram.o
LOAD Drivers/STM32F4xx_HAL_Driver/Src/stm32f4xx_hal_tim.o
LOAD Drivers/STM32F4xx_HAL_Driver/Src/stm32f4xx_hal_tim_ex.o
LOAD Drivers/STM32F4xx_HAL_Driver/Src/stm32f4xx_ll_fsmc.o
LOAD Drivers/STM32F4xx_HAL_Driver/Src/stm32f4xx_ll_usb.o
LOAD Middlewares/ST/STM32_USB_Device_Library/Class/CDC/Src/usbd_cdc.o
LOAD Middlewares/ST/STM32_USB_Device_Library/Core/Src/usbd_core.o
LOAD Middlewares/ST/STM32_USB_Device_Library/Core/Src/usbd_ctlreq.o
LOAD Middlewares/ST/STM32_USB_Device_Library/Core/Src/usbd_ioreq.o
LOAD Middlewares/Third_Party/FreeRTOS/Source/CMSIS_RTOS_V2/cmsis_os2.o
LOAD Middlewares/Third_Party/FreeRTOS/Source/croutine.o
LOAD Middlewares/Third_Party/FreeRTOS/Source/event_groups.o
LOAD Middlewares/Third_Party/FreeRTOS/Source/list.o
LOAD Middlewares/Third_Party/FreeRTOS/Source/queue.o
LOAD Middlewares/Third_Party/FreeRTOS/Source/stream_buffer.o
LOAD Middlewares/Third_Party/FreeRTOS/Source/tasks.o
LOAD Middlewares/Third_Party/FreeRTOS/Source/timers.o
LOAD Middlewares/Third_Party/FreeRTOS/Source/portable/GCC/ARM_CM4F/port.o
LOAD Middlewares/Third_Party/FreeRTOS/Source/portable/MemMang/heap_4.o
LOAD USB_DEVICE/App/usb_device.o
LOAD USB_DEVICE/App/usbd_cdc_if.o
LOAD USB_DEVICE/App/usbd_desc.o
LOAD USB_DEVICE/Target/usbd_conf.o
START GROUP
LOAD c:/st/stm32cubeide_1.4.0/stm32cubeide/plugins/com.st.stm32cube.ide.mcu.externaltools.gnu-tools-for-stm32.9-2020-q2-update.win32_1.5.0.202011040924/tools/bin/../lib/gcc/arm-none-eabi/9.3.1/../../../../arm-none-eabi/lib/thumb/v7e-m+fp/hard\libc_nano.a
LOAD c:/st/stm32cubeide_1.4.0/stm32cubeide/plugins/com.st.stm32cube.ide.mcu.externaltools.gnu-tools-for-stm32.9-2020-q2-update.win32_1.5.0.202011040924/tools/bin/../lib/gcc/arm-none-eabi/9.3.1/../../../../arm-none-eabi/lib/thumb/v7e-m+fp/hard\libm.a
END GROUP
START GROUP
LOAD c:/st/stm32cubeide_1.4.0/stm32cubeide/plugins/com.st.stm32cube.ide.mcu.externaltools.gnu-tools-for-stm32.9-2020-q2-update.win32_1.5.0.202011040924/tools/bin/../lib/gcc/arm-none-eabi/9.3.1/thumb/v7e-m+fp/hard\libgcc.a
LOAD c:/st/stm32cubeide_1.4.0/stm32cubeide/plugins/com.st.stm32cube.ide.mcu.externaltools.gnu-tools-for-stm32.9-2020-q2-update.win32_1.5.0.202011040924/tools/bin/../lib/gcc/arm-none-eabi/9.3.1/../../../../arm-none-eabi/lib/thumb/v7e-m+fp/hard\libc_nano.a
END GROUP
START GROUP
LOAD c:/st/stm32cubeide_1.4.0/stm32cubeide/plugins/com.st.stm32cube.ide.mcu.externaltools.gnu-tools-for-stm32.9-2020-q2-update.win32_1.5.0.202011040924/tools/bin/../lib/gcc/arm-none-eabi/9.3.1/thumb/v7e-m+fp/hard\libgcc.a
LOAD c:/st/stm32cubeide_1.4.0/stm32cubeide/plugins/com.st.stm32cube.ide.mcu.externaltools.gnu-tools-for-stm32.9-2020-q2-update.win32_1.5.0.202011040924/tools/bin/../lib/gcc/arm-none-eabi/9.3.1/../../../../arm-none-eabi/lib/thumb/v7e-m+fp/hard\libc_nano.a
LOAD c:/st/stm32cubeide_1.4.0/stm32cubeide/plugins/com.st.stm32cube.ide.mcu.externaltools.gnu-tools-for-stm32.9-2020-q2-update.win32_1.5.0.202011040924/tools/bin/../lib/gcc/arm-none-eabi/9.3.1/../../../../arm-none-eabi/lib/thumb/v7e-m+fp/hard\libnosys.a
END GROUP
START GROUP
LOAD c:/st/stm32cubeide_1.4.0/stm32cubeide/plugins/com.st.stm32cube.ide.mcu.externaltools.gnu-tools-for-stm32.9-2020-q2-update.win32_1.5.0.202011040924/tools/bin/../lib/gcc/arm-none-eabi/9.3.1/thumb/v7e-m+fp/hard\libgcc.a
LOAD c:/st/stm32cubeide_1.4.0/stm32cubeide/plugins/com.st.stm32cube.ide.mcu.externaltools.gnu-tools-for-stm32.9-2020-q2-update.win32_1.5.0.202011040924/tools/bin/../lib/gcc/arm-none-eabi/9.3.1/../../../../arm-none-eabi/lib/thumb/v7e-m+fp/hard\libc_nano.a
LOAD c:/st/stm32cubeide_1.4.0/stm32cubeide/plugins/com.st.stm32cube.ide.mcu.externaltools.gnu-tools-for-stm32.9-2020-q2-update.win32_1.5.0.202011040924/tools/bin/../lib/gcc/arm-none-eabi/9.3.1/../../../../arm-none-eabi/lib/thumb/v7e-m+fp/hard\libnosys.a
END GROUP
LOAD c:/st/stm32cubeide_1.4.0/stm32cubeide/plugins/com.st.stm32cube.ide.mcu.externaltools.gnu-tools-for-stm32.9-2020-q2-update.win32_1.5.0.202011040924/tools/bin/../lib/gcc/arm-none-eabi/9.3.1/thumb/v7e-m+fp/hard/crtend.o
LOAD c:/st/stm32cubeide_1.4.0/stm32cubeide/plugins/com.st.stm32cube.ide.mcu.externaltools.gnu-tools-for-stm32.9-2020-q2-update.win32_1.5.0.202011040924/tools/bin/../lib/gcc/arm-none-eabi/9.3.1/thumb/v7e-m+fp/hard/crtn.o
                0x0000000020020000                _estack = (ORIGIN (RAM) + LENGTH (RAM))
                0x0000000000000200                _Min_Heap_Size = 0x200
                0x0000000000000400                _Min_Stack_Size = 0x400

.isr_vector     0x0000000008000000      0x188
                0x0000000008000000                . = ALIGN (0x4)
 *(.isr_vector)
 .isr_vector    0x0000000008000000      0x188 Core/Startup/startup_stm32f407vgtx.o
                0x0000000008000000                g_pfnVectors
                0x0000000008000188                . = ALIGN (0x4)

.text           0x0000000008000190    0x10e50
                0x0000000008000190                . = ALIGN (0x4)
 *(.text)
 .text          0x0000000008000190       0x40 c:/st/stm32cubeide_1.4.0/stm32cubeide/plugins/com.st.stm32cube.ide.mcu.externaltools.gnu-tools-for-stm32.9-2020-q2-update.win32_1.5.0.202011040924/tools/bin/../lib/gcc/arm-none-eabi/9.3.1/thumb/v7e-m+fp/hard/crtbegin.o
 .text          0x00000000080001d0       0x30 c:/st/stm32cubeide_1.4.0/stm32cubeide/plugins/com.st.stm32cube.ide.mcu.externaltools.gnu-tools-for-stm32.9-2020-q2-update.win32_1.5.0.202011040924/tools/bin/../lib/gcc/arm-none-eabi/9.3.1/thumb/v7e-m+fp/hard\libgcc.a(_aeabi_uldivmod.o)
                0x00000000080001d0                __aeabi_uldivmod
 .text          0x0000000008000200      0x2c4 c:/st/stm32cubeide_1.4.0/stm32cubeide/plugins/com.st.stm32cube.ide.mcu.externaltools.gnu-tools-for-stm32.9-2020-q2-update.win32_1.5.0.202011040924/tools/bin/../lib/gcc/arm-none-eabi/9.3.1/thumb/v7e-m+fp/hard\libgcc.a(_udivmoddi4.o)
                0x0000000008000200                __udivmoddi4
 .text          0x00000000080004c4        0x4 c:/st/stm32cubeide_1.4.0/stm32cubeide/plugins/com.st.stm32cube.ide.mcu.externaltools.gnu-tools-for-stm32.9-2020-q2-update.win32_1.5.0.202011040924/tools/bin/../lib/gcc/arm-none-eabi/9.3.1/thumb/v7e-m+fp/hard\libgcc.a(_dvmd_tls.o)
                0x00000000080004c4                __aeabi_idiv0
                0x00000000080004c4                __aeabi_ldiv0
 *(.text*)
 .text.ili9325_Init
                0x00000000080004c8      0x220 Core/Src/Lcd/ili9325.o
                0x00000000080004c8                ili9325_Init
 .text.ili9325_DisplayOn
                0x00000000080006e8       0x9e Core/Src/Lcd/ili9325.o
                0x00000000080006e8                ili9325_DisplayOn
 .text.ili9325_DisplayOff
                0x0000000008000786       0x56 Core/Src/Lcd/ili9325.o
                0x0000000008000786                ili9325_DisplayOff
 .text.ili9325_GetLcdPixelWidth
                0x00000000080007dc       0x12 Core/Src/Lcd/ili9325.o
                0x00000000080007dc                ili9325_GetLcdPixelWidth
 .text.ili9325_GetLcdPixelHeight
                0x00000000080007ee       0x10 Core/Src/Lcd/ili9325.o
                0x00000000080007ee                ili9325_GetLcdPixelHeight
 *fill*         0x00000000080007fe        0x2 
 .text.ili9325_ReadID
                0x0000000008000800       0x2c Core/Src/Lcd/ili9325.o
                0x0000000008000800                ili9325_ReadID
 .text.ili9325_SetCursor
                0x000000000800082c       0x34 Core/Src/Lcd/ili9325.o
                0x000000000800082c                ili9325_SetCursor
 .text.ili9325_WritePixel
                0x0000000008000860       0x44 Core/Src/Lcd/ili9325.o
                0x0000000008000860                ili9325_WritePixel
 .text.ili9325_ReadPixel
                0x00000000080008a4       0x44 Core/Src/Lcd/ili9325.o
                0x00000000080008a4                ili9325_ReadPixel
 .text.ili9325_SetDisplayWindow
                0x00000000080008e8       0x72 Core/Src/Lcd/ili9325.o
                0x00000000080008e8                ili9325_SetDisplayWindow
 .text.ili9325_DrawHLine
                0x000000000800095a       0x4e Core/Src/Lcd/ili9325.o
                0x000000000800095a                ili9325_DrawHLine
 .text.ili9325_DrawVLine
                0x00000000080009a8       0x6a Core/Src/Lcd/ili9325.o
                0x00000000080009a8                ili9325_DrawVLine
 .text.ili9325_FillRect
                0x0000000008000a12       0x94 Core/Src/Lcd/ili9325.o
                0x0000000008000a12                ili9325_FillRect
 .text.ili9325_DrawBitmap
                0x0000000008000aa6      0x100 Core/Src/Lcd/ili9325.o
                0x0000000008000aa6                ili9325_DrawBitmap
 .text.ili9325_DrawRGBImage
                0x0000000008000ba6       0x92 Core/Src/Lcd/ili9325.o
                0x0000000008000ba6                ili9325_DrawRGBImage
 .text.ili9325_ReadRGBImage
                0x0000000008000c38       0x86 Core/Src/Lcd/ili9325.o
                0x0000000008000c38                ili9325_ReadRGBImage
 *fill*         0x0000000008000cbe        0x2 
 .text.ili9325_Scroll
                0x0000000008000cc0       0x74 Core/Src/Lcd/ili9325.o
                0x0000000008000cc0                ili9325_Scroll
 .text.LCD_Delay
                0x0000000008000d34       0x16 Core/Src/Lcd/lcd_io_fsmc8.o
                0x0000000008000d34                LCD_Delay
 .text.LCD_IO_Bl_OnOff
                0x0000000008000d4a       0x16 Core/Src/Lcd/lcd_io_fsmc8.o
                0x0000000008000d4a                LCD_IO_Bl_OnOff
 .text.LCD_IO_Init
                0x0000000008000d60        0xe Core/Src/Lcd/lcd_io_fsmc8.o
                0x0000000008000d60                LCD_IO_Init
 .text.LCD_IO_WriteCmd16
                0x0000000008000d6e       0x1e Core/Src/Lcd/lcd_io_fsmc8.o
                0x0000000008000d6e                LCD_IO_WriteCmd16
 .text.LCD_IO_WriteData16
                0x0000000008000d8c       0x20 Core/Src/Lcd/lcd_io_fsmc8.o
                0x0000000008000d8c                LCD_IO_WriteData16
 .text.LCD_IO_WriteCmd16DataFill16
                0x0000000008000dac       0x40 Core/Src/Lcd/lcd_io_fsmc8.o
                0x0000000008000dac                LCD_IO_WriteCmd16DataFill16
 .text.LCD_IO_WriteCmd16MultipleData16
                0x0000000008000dec       0x44 Core/Src/Lcd/lcd_io_fsmc8.o
                0x0000000008000dec                LCD_IO_WriteCmd16MultipleData16
 .text.LCD_IO_ReadCmd16MultipleData16
                0x0000000008000e30       0x5c Core/Src/Lcd/lcd_io_fsmc8.o
                0x0000000008000e30                LCD_IO_ReadCmd16MultipleData16
 .text.BSP_LCD_Init
                0x0000000008000e8c       0x40 Core/Src/Lcd/stm32_adafruit_lcd.o
                0x0000000008000e8c                BSP_LCD_Init
 .text.BSP_LCD_GetXSize
                0x0000000008000ecc       0x18 Core/Src/Lcd/stm32_adafruit_lcd.o
                0x0000000008000ecc                BSP_LCD_GetXSize
 .text.BSP_LCD_GetYSize
                0x0000000008000ee4       0x18 Core/Src/Lcd/stm32_adafruit_lcd.o
                0x0000000008000ee4                BSP_LCD_GetYSize
 .text.BSP_LCD_SetTextColor
                0x0000000008000efc       0x20 Core/Src/Lcd/stm32_adafruit_lcd.o
                0x0000000008000efc                BSP_LCD_SetTextColor
 .text.BSP_LCD_SetBackColor
                0x0000000008000f1c       0x20 Core/Src/Lcd/stm32_adafruit_lcd.o
                0x0000000008000f1c                BSP_LCD_SetBackColor
 .text.BSP_LCD_SetFont
                0x0000000008000f3c       0x20 Core/Src/Lcd/stm32_adafruit_lcd.o
                0x0000000008000f3c                BSP_LCD_SetFont
 .text.BSP_LCD_Clear
                0x0000000008000f5c       0x3c Core/Src/Lcd/stm32_adafruit_lcd.o
                0x0000000008000f5c                BSP_LCD_Clear
 .text.BSP_LCD_DisplayChar
                0x0000000008000f98       0x54 Core/Src/Lcd/stm32_adafruit_lcd.o
                0x0000000008000f98                BSP_LCD_DisplayChar
 .text.BSP_LCD_DisplayStringAt
                0x0000000008000fec      0x11c Core/Src/Lcd/stm32_adafruit_lcd.o
                0x0000000008000fec                BSP_LCD_DisplayStringAt
 .text.BSP_LCD_DrawPixel
                0x0000000008001108       0x38 Core/Src/Lcd/stm32_adafruit_lcd.o
                0x0000000008001108                BSP_LCD_DrawPixel
 .text.BSP_LCD_DrawHLine
                0x0000000008001140       0x74 Core/Src/Lcd/stm32_adafruit_lcd.o
                0x0000000008001140                BSP_LCD_DrawHLine
 .text.BSP_LCD_DrawVLine
                0x00000000080011b4       0x74 Core/Src/Lcd/stm32_adafruit_lcd.o
                0x00000000080011b4                BSP_LCD_DrawVLine
 .text.BSP_LCD_DrawRect
                0x0000000008001228       0x6a Core/Src/Lcd/stm32_adafruit_lcd.o
                0x0000000008001228                BSP_LCD_DrawRect
 *fill*         0x0000000008001292        0x2 
 .text.BSP_LCD_DrawBitmap
                0x0000000008001294       0xb4 Core/Src/Lcd/stm32_adafruit_lcd.o
                0x0000000008001294                BSP_LCD_DrawBitmap
 .text.BSP_LCD_FillRect
                0x0000000008001348       0x48 Core/Src/Lcd/stm32_adafruit_lcd.o
                0x0000000008001348                BSP_LCD_FillRect
 .text.DrawChar
                0x0000000008001390      0x1e4 Core/Src/Lcd/stm32_adafruit_lcd.o
 .text.SetDisplayWindow
                0x0000000008001574       0x44 Core/Src/Lcd/stm32_adafruit_lcd.o
 .text.BSP_LCD_DrawRGB16Image
                0x00000000080015b8       0x40 Core/Src/Lcd/stm32_adafruit_lcd.o
                0x00000000080015b8                BSP_LCD_DrawRGB16Image
 .text.ADS7843_SendCmd
                0x00000000080015f8       0xe8 Core/Src/ads7843.o
                0x00000000080015f8                ADS7843_SendCmd
 .text.ADS7843_Init
                0x00000000080016e0       0xd0 Core/Src/ads7843.o
                0x00000000080016e0                ADS7843_Init
 .text.vApplicationIdleHook
                0x00000000080017b0        0xe Core/Src/freertos.o
                0x00000000080017b0                vApplicationIdleHook
 .text.ITM_SendChar
                0x00000000080017be       0x4e Core/Src/main.o
 .text.__io_putchar
                0x000000000800180c       0x1a Core/Src/main.o
                0x000000000800180c                __io_putchar
 *fill*         0x0000000008001826        0x2 
 .text.main     0x0000000008001828      0x244 Core/Src/main.o
                0x0000000008001828                main
 .text.SystemClock_Config
                0x0000000008001a6c       0xd4 Core/Src/main.o
                0x0000000008001a6c                SystemClock_Config
 .text.MX_DCMI_Init
                0x0000000008001b40       0x50 Core/Src/main.o
 .text.MX_I2C1_Init
                0x0000000008001b90       0x5c Core/Src/main.o
 .text.MX_I2C2_Init
                0x0000000008001bec       0x5c Core/Src/main.o
 .text.MX_SPI2_Init
                0x0000000008001c48       0x6c Core/Src/main.o
 .text.MX_TIM2_Init
                0x0000000008001cb4       0xb0 Core/Src/main.o
 .text.MX_DMA_Init
                0x0000000008001d64       0x40 Core/Src/main.o
 .text.MX_GPIO_Init
                0x0000000008001da4      0x1ac Core/Src/main.o
 .text.MX_FSMC_Init
                0x0000000008001f50       0xc0 Core/Src/main.o
 .text.cameraWriteReg
                0x0000000008002010       0x70 Core/Src/main.o
                0x0000000008002010                cameraWriteReg
 .text.cameraReadReg
                0x0000000008002080       0x70 Core/Src/main.o
                0x0000000008002080                cameraReadReg
 .text.HAL_DCMI_FrameEventCallback
                0x00000000080020f0       0x20 Core/Src/main.o
                0x00000000080020f0                HAL_DCMI_FrameEventCallback
 .text.CDC_Recive_Callback
                0x0000000008002110       0x38 Core/Src/main.o
                0x0000000008002110                CDC_Recive_Callback
 .text.StartDefaultTask
                0x0000000008002148       0x10 Core/Src/main.o
                0x0000000008002148                StartDefaultTask
 .text.StartGetPictureFromCamera
                0x0000000008002158       0x2c Core/Src/main.o
                0x0000000008002158                StartGetPictureFromCamera
 .text.StartSendPictureToPy
                0x0000000008002184       0x70 Core/Src/main.o
                0x0000000008002184                StartSendPictureToPy
 .text.StartGetCoordFromPy
                0x00000000080021f4        0xa Core/Src/main.o
                0x00000000080021f4                StartGetCoordFromPy
 *fill*         0x00000000080021fe        0x2 
 .text.StartShowPicture
                0x0000000008002200       0x98 Core/Src/main.o
                0x0000000008002200                StartShowPicture
 .text.HAL_TIM_PeriodElapsedCallback
                0x0000000008002298       0x24 Core/Src/main.o
                0x0000000008002298                HAL_TIM_PeriodElapsedCallback
 .text.Error_Handler
                0x00000000080022bc        0xa Core/Src/main.o
                0x00000000080022bc                Error_Handler
 *fill*         0x00000000080022c6        0x2 
 .text.HAL_MspInit
                0x00000000080022c8       0x58 Core/Src/stm32f4xx_hal_msp.o
                0x00000000080022c8                HAL_MspInit
 .text.HAL_DCMI_MspInit
                0x0000000008002320      0x1ec Core/Src/stm32f4xx_hal_msp.o
                0x0000000008002320                HAL_DCMI_MspInit
 .text.HAL_I2C_MspInit
                0x000000000800250c       0xfc Core/Src/stm32f4xx_hal_msp.o
                0x000000000800250c                HAL_I2C_MspInit
 .text.HAL_SPI_MspInit
                0x0000000008002608       0xd0 Core/Src/stm32f4xx_hal_msp.o
                0x0000000008002608                HAL_SPI_MspInit
 .text.HAL_TIM_PWM_MspInit
                0x00000000080026d8       0x40 Core/Src/stm32f4xx_hal_msp.o
                0x00000000080026d8                HAL_TIM_PWM_MspInit
 .text.HAL_TIM_MspPostInit
                0x0000000008002718       0x70 Core/Src/stm32f4xx_hal_msp.o
                0x0000000008002718                HAL_TIM_MspPostInit
 .text.HAL_FSMC_MspInit
                0x0000000008002788       0x98 Core/Src/stm32f4xx_hal_msp.o
 .text.HAL_SRAM_MspInit
                0x0000000008002820       0x14 Core/Src/stm32f4xx_hal_msp.o
                0x0000000008002820                HAL_SRAM_MspInit
 .text.HAL_InitTick
                0x0000000008002834       0xb4 Core/Src/stm32f4xx_hal_timebase_tim.o
                0x0000000008002834                HAL_InitTick
 .text.NMI_Handler
                0x00000000080028e8        0x6 Core/Src/stm32f4xx_it.o
                0x00000000080028e8                NMI_Handler
 .text.HardFault_Handler
                0x00000000080028ee        0x6 Core/Src/stm32f4xx_it.o
                0x00000000080028ee                HardFault_Handler
 .text.MemManage_Handler
                0x00000000080028f4        0x6 Core/Src/stm32f4xx_it.o
                0x00000000080028f4                MemManage_Handler
 .text.BusFault_Handler
                0x00000000080028fa        0x6 Core/Src/stm32f4xx_it.o
                0x00000000080028fa                BusFault_Handler
 .text.UsageFault_Handler
                0x0000000008002900        0x6 Core/Src/stm32f4xx_it.o
                0x0000000008002900                UsageFault_Handler
 .text.DebugMon_Handler
                0x0000000008002906        0xe Core/Src/stm32f4xx_it.o
                0x0000000008002906                DebugMon_Handler
 .text.TIM6_DAC_IRQHandler
                0x0000000008002914       0x14 Core/Src/stm32f4xx_it.o
                0x0000000008002914                TIM6_DAC_IRQHandler
 .text.DMA2_Stream1_IRQHandler
                0x0000000008002928       0x14 Core/Src/stm32f4xx_it.o
                0x0000000008002928                DMA2_Stream1_IRQHandler
 .text.OTG_FS_IRQHandler
                0x000000000800293c       0x14 Core/Src/stm32f4xx_it.o
                0x000000000800293c                OTG_FS_IRQHandler
 .text.DCMI_IRQHandler
                0x0000000008002950       0x14 Core/Src/stm32f4xx_it.o
                0x0000000008002950                DCMI_IRQHandler
 .text._read    0x0000000008002964       0x3a Core/Src/syscalls.o
                0x0000000008002964                _read
 .text._write   0x000000000800299e       0x38 Core/Src/syscalls.o
                0x000000000800299e                _write
 .text._close   0x00000000080029d6       0x18 Core/Src/syscalls.o
                0x00000000080029d6                _close
 .text._fstat   0x00000000080029ee       0x20 Core/Src/syscalls.o
                0x00000000080029ee                _fstat
 .text._isatty  0x0000000008002a0e       0x16 Core/Src/syscalls.o
                0x0000000008002a0e                _isatty
 .text._lseek   0x0000000008002a24       0x1a Core/Src/syscalls.o
                0x0000000008002a24                _lseek
 *fill*         0x0000000008002a3e        0x2 
 .text._sbrk    0x0000000008002a40       0x6c Core/Src/sysmem.o
                0x0000000008002a40                _sbrk
 .text.SystemInit
                0x0000000008002aac       0x24 Core/Src/system_stm32f4xx.o
                0x0000000008002aac                SystemInit
 .text.Reset_Handler
                0x0000000008002ad0       0x50 Core/Startup/startup_stm32f407vgtx.o
                0x0000000008002ad0                Reset_Handler
 .text.Default_Handler
                0x0000000008002b20        0x2 Core/Startup/startup_stm32f407vgtx.o
                0x0000000008002b20                RTC_Alarm_IRQHandler
                0x0000000008002b20                HASH_RNG_IRQHandler
                0x0000000008002b20                EXTI2_IRQHandler
                0x0000000008002b20                TIM8_CC_IRQHandler
                0x0000000008002b20                TIM1_CC_IRQHandler
                0x0000000008002b20                DMA2_Stream5_IRQHandler
                0x0000000008002b20                DMA1_Stream5_IRQHandler
                0x0000000008002b20                PVD_IRQHandler
                0x0000000008002b20                SDIO_IRQHandler
                0x0000000008002b20                TAMP_STAMP_IRQHandler
                0x0000000008002b20                CAN2_RX1_IRQHandler
                0x0000000008002b20                EXTI3_IRQHandler
                0x0000000008002b20                TIM8_TRG_COM_TIM14_IRQHandler
                0x0000000008002b20                TIM1_UP_TIM10_IRQHandler
                0x0000000008002b20                TIM8_UP_TIM13_IRQHandler
                0x0000000008002b20                I2C3_ER_IRQHandler
                0x0000000008002b20                EXTI0_IRQHandler
                0x0000000008002b20                I2C2_EV_IRQHandler
                0x0000000008002b20                DMA1_Stream2_IRQHandler
                0x0000000008002b20                CAN1_RX0_IRQHandler
                0x0000000008002b20                FPU_IRQHandler
                0x0000000008002b20                OTG_HS_WKUP_IRQHandler
                0x0000000008002b20                CAN2_SCE_IRQHandler
                0x0000000008002b20                DMA2_Stream2_IRQHandler
                0x0000000008002b20                SPI1_IRQHandler
                0x0000000008002b20                TIM1_BRK_TIM9_IRQHandler
                0x0000000008002b20                CAN2_RX0_IRQHandler
                0x0000000008002b20                DMA2_Stream3_IRQHandler
                0x0000000008002b20                USART6_IRQHandler
                0x0000000008002b20                USART3_IRQHandler
                0x0000000008002b20                CAN1_RX1_IRQHandler
                0x0000000008002b20                UART5_IRQHandler
                0x0000000008002b20                DMA2_Stream0_IRQHandler
                0x0000000008002b20                TIM4_IRQHandler
                0x0000000008002b20                I2C1_EV_IRQHandler
                0x0000000008002b20                DMA1_Stream6_IRQHandler
                0x0000000008002b20                DMA1_Stream1_IRQHandler
                0x0000000008002b20                UART4_IRQHandler
                0x0000000008002b20                TIM3_IRQHandler
                0x0000000008002b20                RCC_IRQHandler
                0x0000000008002b20                TIM8_BRK_TIM12_IRQHandler
                0x0000000008002b20                Default_Handler
                0x0000000008002b20                EXTI15_10_IRQHandler
                0x0000000008002b20                ADC_IRQHandler
                0x0000000008002b20                DMA1_Stream7_IRQHandler
                0x0000000008002b20                TIM7_IRQHandler
                0x0000000008002b20                CAN2_TX_IRQHandler
                0x0000000008002b20                TIM5_IRQHandler
                0x0000000008002b20                DMA2_Stream7_IRQHandler
                0x0000000008002b20                I2C3_EV_IRQHandler
                0x0000000008002b20                EXTI9_5_IRQHandler
                0x0000000008002b20                RTC_WKUP_IRQHandler
                0x0000000008002b20                ETH_WKUP_IRQHandler
                0x0000000008002b20                SPI2_IRQHandler
                0x0000000008002b20                OTG_HS_EP1_IN_IRQHandler
                0x0000000008002b20                DMA1_Stream0_IRQHandler
                0x0000000008002b20                CAN1_TX_IRQHandler
                0x0000000008002b20                EXTI4_IRQHandler
                0x0000000008002b20                FSMC_IRQHandler
                0x0000000008002b20                ETH_IRQHandler
                0x0000000008002b20                OTG_HS_EP1_OUT_IRQHandler
                0x0000000008002b20                WWDG_IRQHandler
                0x0000000008002b20                TIM2_IRQHandler
                0x0000000008002b20                OTG_FS_WKUP_IRQHandler
                0x0000000008002b20                TIM1_TRG_COM_TIM11_IRQHandler
                0x0000000008002b20                OTG_HS_IRQHandler
                0x0000000008002b20                EXTI1_IRQHandler
                0x0000000008002b20                USART2_IRQHandler
                0x0000000008002b20                I2C2_ER_IRQHandler
                0x0000000008002b20                CAN1_SCE_IRQHandler
                0x0000000008002b20                FLASH_IRQHandler
                0x0000000008002b20                DMA2_Stream4_IRQHandler
                0x0000000008002b20                USART1_IRQHandler
                0x0000000008002b20                SPI3_IRQHandler
                0x0000000008002b20                DMA1_Stream4_IRQHandler
                0x0000000008002b20                I2C1_ER_IRQHandler
                0x0000000008002b20                DMA2_Stream6_IRQHandler
                0x0000000008002b20                DMA1_Stream3_IRQHandler
 .text.OV9655_Init
                0x0000000008002b22       0x9e Core/camera/ov9655.o
                0x0000000008002b22                OV9655_Init
 .text.OV9655_SetPixelFormat
                0x0000000008002bc0       0xf6 Core/camera/ov9655.o
                0x0000000008002bc0                OV9655_SetPixelFormat
 *fill*         0x0000000008002cb6        0x2 
 .text.OV9655_SetResolution
                0x0000000008002cb8      0x208 Core/camera/ov9655.o
                0x0000000008002cb8                OV9655_SetResolution
 .text.OV9655_Delay
                0x0000000008002ec0       0x1a Core/camera/ov9655.o
 .text.ov9655_read_reg
                0x0000000008002eda       0x2e Core/camera/ov9655_reg.o
                0x0000000008002eda                ov9655_read_reg
 .text.ov9655_write_reg
                0x0000000008002f08       0x2e Core/camera/ov9655_reg.o
                0x0000000008002f08                ov9655_write_reg
 *fill*         0x0000000008002f36        0x2 
 .text.HAL_Init
                0x0000000008002f38       0x44 Drivers/STM32F4xx_HAL_Driver/Src/stm32f4xx_hal.o
                0x0000000008002f38                HAL_Init
 .text.HAL_IncTick
                0x0000000008002f7c       0x28 Drivers/STM32F4xx_HAL_Driver/Src/stm32f4xx_hal.o
                0x0000000008002f7c                HAL_IncTick
 .text.HAL_GetTick
                0x0000000008002fa4       0x18 Drivers/STM32F4xx_HAL_Driver/Src/stm32f4xx_hal.o
                0x0000000008002fa4                HAL_GetTick
 .text.HAL_Delay
                0x0000000008002fbc       0x48 Drivers/STM32F4xx_HAL_Driver/Src/stm32f4xx_hal.o
                0x0000000008002fbc                HAL_Delay
 .text.__NVIC_SetPriorityGrouping
                0x0000000008003004       0x48 Drivers/STM32F4xx_HAL_Driver/Src/stm32f4xx_hal_cortex.o
 .text.__NVIC_GetPriorityGrouping
                0x000000000800304c       0x1c Drivers/STM32F4xx_HAL_Driver/Src/stm32f4xx_hal_cortex.o
 .text.__NVIC_EnableIRQ
                0x0000000008003068       0x3c Drivers/STM32F4xx_HAL_Driver/Src/stm32f4xx_hal_cortex.o
 .text.__NVIC_SetPriority
                0x00000000080030a4       0x54 Drivers/STM32F4xx_HAL_Driver/Src/stm32f4xx_hal_cortex.o
 .text.NVIC_EncodePriority
                0x00000000080030f8       0x66 Drivers/STM32F4xx_HAL_Driver/Src/stm32f4xx_hal_cortex.o
 .text.HAL_NVIC_SetPriorityGrouping
                0x000000000800315e       0x16 Drivers/STM32F4xx_HAL_Driver/Src/stm32f4xx_hal_cortex.o
                0x000000000800315e                HAL_NVIC_SetPriorityGrouping
 .text.HAL_NVIC_SetPriority
                0x0000000008003174       0x38 Drivers/STM32F4xx_HAL_Driver/Src/stm32f4xx_hal_cortex.o
                0x0000000008003174                HAL_NVIC_SetPriority
 .text.HAL_NVIC_EnableIRQ
                0x00000000080031ac       0x1c Drivers/STM32F4xx_HAL_Driver/Src/stm32f4xx_hal_cortex.o
                0x00000000080031ac                HAL_NVIC_EnableIRQ
 .text.HAL_DCMI_Start_DMA
                0x00000000080031c8      0x140 Drivers/STM32F4xx_HAL_Driver/Src/stm32f4xx_hal_dcmi.o
                0x00000000080031c8                HAL_DCMI_Start_DMA
 .text.HAL_DCMI_IRQHandler
                0x0000000008003308       0xfc Drivers/STM32F4xx_HAL_Driver/Src/stm32f4xx_hal_dcmi.o
                0x0000000008003308                HAL_DCMI_IRQHandler
 .text.HAL_DCMI_ErrorCallback
                0x0000000008003404       0x14 Drivers/STM32F4xx_HAL_Driver/Src/stm32f4xx_hal_dcmi.o
                0x0000000008003404                HAL_DCMI_ErrorCallback
 .text.HAL_DCMI_LineEventCallback
                0x0000000008003418       0x14 Drivers/STM32F4xx_HAL_Driver/Src/stm32f4xx_hal_dcmi.o
                0x0000000008003418                HAL_DCMI_LineEventCallback
 .text.HAL_DCMI_VsyncEventCallback
                0x000000000800342c       0x14 Drivers/STM32F4xx_HAL_Driver/Src/stm32f4xx_hal_dcmi.o
                0x000000000800342c                HAL_DCMI_VsyncEventCallback
 .text.DCMI_DMAXferCplt
                0x0000000008003440      0x12a Drivers/STM32F4xx_HAL_Driver/Src/stm32f4xx_hal_dcmi.o
 .text.DCMI_DMAError
                0x000000000800356a       0x2e Drivers/STM32F4xx_HAL_Driver/Src/stm32f4xx_hal_dcmi.o
 .text.HAL_DCMI_Init
                0x0000000008003598       0xda Drivers/STM32F4xx_HAL_Driver/Src/stm32f4xx_hal_dcmi_ex.o
                0x0000000008003598                HAL_DCMI_Init
 *fill*         0x0000000008003672        0x2 
 .text.HAL_DMA_Init
                0x0000000008003674      0x15c Drivers/STM32F4xx_HAL_Driver/Src/stm32f4xx_hal_dma.o
                0x0000000008003674                HAL_DMA_Init
 .text.HAL_DMA_Start_IT
                0x00000000080037d0       0xb0 Drivers/STM32F4xx_HAL_Driver/Src/stm32f4xx_hal_dma.o
                0x00000000080037d0                HAL_DMA_Start_IT
 .text.HAL_DMA_Abort_IT
                0x0000000008003880       0x44 Drivers/STM32F4xx_HAL_Driver/Src/stm32f4xx_hal_dma.o
                0x0000000008003880                HAL_DMA_Abort_IT
 .text.HAL_DMA_IRQHandler
                0x00000000080038c4      0x314 Drivers/STM32F4xx_HAL_Driver/Src/stm32f4xx_hal_dma.o
                0x00000000080038c4                HAL_DMA_IRQHandler
 .text.DMA_SetConfig
                0x0000000008003bd8       0x5c Drivers/STM32F4xx_HAL_Driver/Src/stm32f4xx_hal_dma.o
 .text.DMA_CalcBaseAndBitshift
                0x0000000008003c34       0x6c Drivers/STM32F4xx_HAL_Driver/Src/stm32f4xx_hal_dma.o
 .text.DMA_CheckFifoParam
                0x0000000008003ca0       0xf8 Drivers/STM32F4xx_HAL_Driver/Src/stm32f4xx_hal_dma.o
 .text.HAL_DMAEx_MultiBufferStart_IT
                0x0000000008003d98     0x1290 Drivers/STM32F4xx_HAL_Driver/Src/stm32f4xx_hal_dma_ex.o
                0x0000000008003d98                HAL_DMAEx_MultiBufferStart_IT
 .text.HAL_DMAEx_ChangeMemory
                0x0000000008005028       0x34 Drivers/STM32F4xx_HAL_Driver/Src/stm32f4xx_hal_dma_ex.o
                0x0000000008005028                HAL_DMAEx_ChangeMemory
 .text.DMA_MultiBufferSetConfig
                0x000000000800505c       0x4c Drivers/STM32F4xx_HAL_Driver/Src/stm32f4xx_hal_dma_ex.o
 .text.HAL_GPIO_Init
                0x00000000080050a8      0x338 Drivers/STM32F4xx_HAL_Driver/Src/stm32f4xx_hal_gpio.o
                0x00000000080050a8                HAL_GPIO_Init
 .text.HAL_GPIO_WritePin
                0x00000000080053e0       0x32 Drivers/STM32F4xx_HAL_Driver/Src/stm32f4xx_hal_gpio.o
                0x00000000080053e0                HAL_GPIO_WritePin
 *fill*         0x0000000008005412        0x2 
 .text.HAL_I2C_Init
                0x0000000008005414      0x288 Drivers/STM32F4xx_HAL_Driver/Src/stm32f4xx_hal_i2c.o
                0x0000000008005414                HAL_I2C_Init
 .text.HAL_I2C_Master_Transmit
                0x000000000800569c      0x1fc Drivers/STM32F4xx_HAL_Driver/Src/stm32f4xx_hal_i2c.o
                0x000000000800569c                HAL_I2C_Master_Transmit
 .text.HAL_I2C_Master_Receive
                0x0000000008005898      0x44c Drivers/STM32F4xx_HAL_Driver/Src/stm32f4xx_hal_i2c.o
                0x0000000008005898                HAL_I2C_Master_Receive
 .text.I2C_MasterRequestWrite
                0x0000000008005ce4      0x104 Drivers/STM32F4xx_HAL_Driver/Src/stm32f4xx_hal_i2c.o
 .text.I2C_MasterRequestRead
                0x0000000008005de8      0x19c Drivers/STM32F4xx_HAL_Driver/Src/stm32f4xx_hal_i2c.o
 .text.I2C_WaitOnFlagUntilTimeout
                0x0000000008005f84       0xae Drivers/STM32F4xx_HAL_Driver/Src/stm32f4xx_hal_i2c.o
 .text.I2C_WaitOnMasterAddressFlagUntilTimeout
                0x0000000008006032       0xfe Drivers/STM32F4xx_HAL_Driver/Src/stm32f4xx_hal_i2c.o
 .text.I2C_WaitOnTXEFlagUntilTimeout
                0x0000000008006130       0x82 Drivers/STM32F4xx_HAL_Driver/Src/stm32f4xx_hal_i2c.o
 .text.I2C_WaitOnBTFFlagUntilTimeout
                0x00000000080061b2       0x82 Drivers/STM32F4xx_HAL_Driver/Src/stm32f4xx_hal_i2c.o
 .text.I2C_WaitOnRXNEFlagUntilTimeout
                0x0000000008006234       0xac Drivers/STM32F4xx_HAL_Driver/Src/stm32f4xx_hal_i2c.o
 .text.I2C_IsAcknowledgeFailed
                0x00000000080062e0       0x5e Drivers/STM32F4xx_HAL_Driver/Src/stm32f4xx_hal_i2c.o
 .text.HAL_PCD_Init
                0x000000000800633e      0x23a Drivers/STM32F4xx_HAL_Driver/Src/stm32f4xx_hal_pcd.o
                0x000000000800633e                HAL_PCD_Init
 .text.HAL_PCD_Start
                0x0000000008006578       0x66 Drivers/STM32F4xx_HAL_Driver/Src/stm32f4xx_hal_pcd.o
                0x0000000008006578                HAL_PCD_Start
 .text.HAL_PCD_IRQHandler
                0x00000000080065de      0x764 Drivers/STM32F4xx_HAL_Driver/Src/stm32f4xx_hal_pcd.o
                0x00000000080065de                HAL_PCD_IRQHandler
 .text.HAL_PCD_SetAddress
                0x0000000008006d42       0x4a Drivers/STM32F4xx_HAL_Driver/Src/stm32f4xx_hal_pcd.o
                0x0000000008006d42                HAL_PCD_SetAddress
 .text.HAL_PCD_EP_Open
                0x0000000008006d8c       0xd0 Drivers/STM32F4xx_HAL_Driver/Src/stm32f4xx_hal_pcd.o
                0x0000000008006d8c                HAL_PCD_EP_Open
 .text.HAL_PCD_EP_Close
                0x0000000008006e5c       0x94 Drivers/STM32F4xx_HAL_Driver/Src/stm32f4xx_hal_pcd.o
                0x0000000008006e5c                HAL_PCD_EP_Close
 .text.HAL_PCD_EP_Receive
                0x0000000008006ef0       0x96 Drivers/STM32F4xx_HAL_Driver/Src/stm32f4xx_hal_pcd.o
                0x0000000008006ef0                HAL_PCD_EP_Receive
 .text.HAL_PCD_EP_GetRxCount
                0x0000000008006f86       0x30 Drivers/STM32F4xx_HAL_Driver/Src/stm32f4xx_hal_pcd.o
                0x0000000008006f86                HAL_PCD_EP_GetRxCount
 .text.HAL_PCD_EP_Transmit
                0x0000000008006fb6       0x94 Drivers/STM32F4xx_HAL_Driver/Src/stm32f4xx_hal_pcd.o
                0x0000000008006fb6                HAL_PCD_EP_Transmit
 .text.HAL_PCD_EP_SetStall
                0x000000000800704a       0xc8 Drivers/STM32F4xx_HAL_Driver/Src/stm32f4xx_hal_pcd.o
                0x000000000800704a                HAL_PCD_EP_SetStall
 .text.HAL_PCD_EP_ClrStall
                0x0000000008007112       0xac Drivers/STM32F4xx_HAL_Driver/Src/stm32f4xx_hal_pcd.o
                0x0000000008007112                HAL_PCD_EP_ClrStall
 .text.PCD_WriteEmptyTxFifo
                0x00000000080071be      0x11a Drivers/STM32F4xx_HAL_Driver/Src/stm32f4xx_hal_pcd.o
 .text.PCD_EP_OutXfrComplete_int
                0x00000000080072d8      0x218 Drivers/STM32F4xx_HAL_Driver/Src/stm32f4xx_hal_pcd.o
 .text.PCD_EP_OutSetupPacket_int
                0x00000000080074f0       0x8c Drivers/STM32F4xx_HAL_Driver/Src/stm32f4xx_hal_pcd.o
 .text.HAL_PCDEx_SetTxFiFo
                0x000000000800757c       0x8e Drivers/STM32F4xx_HAL_Driver/Src/stm32f4xx_hal_pcd_ex.o
                0x000000000800757c                HAL_PCDEx_SetTxFiFo
 .text.HAL_PCDEx_SetRxFiFo
                0x000000000800760a       0x22 Drivers/STM32F4xx_HAL_Driver/Src/stm32f4xx_hal_pcd_ex.o
                0x000000000800760a                HAL_PCDEx_SetRxFiFo
 .text.HAL_PCDEx_LPM_Callback
                0x000000000800762c       0x18 Drivers/STM32F4xx_HAL_Driver/Src/stm32f4xx_hal_pcd_ex.o
                0x000000000800762c                HAL_PCDEx_LPM_Callback
 .text.HAL_RCC_OscConfig
                0x0000000008007644      0x4f0 Drivers/STM32F4xx_HAL_Driver/Src/stm32f4xx_hal_rcc.o
                0x0000000008007644                HAL_RCC_OscConfig
 .text.HAL_RCC_ClockConfig
                0x0000000008007b34      0x1cc Drivers/STM32F4xx_HAL_Driver/Src/stm32f4xx_hal_rcc.o
                0x0000000008007b34                HAL_RCC_ClockConfig
 .text.HAL_RCC_GetSysClockFreq
                0x0000000008007d00      0x1c4 Drivers/STM32F4xx_HAL_Driver/Src/stm32f4xx_hal_rcc.o
                0x0000000008007d00                HAL_RCC_GetSysClockFreq
 .text.HAL_RCC_GetHCLKFreq
                0x0000000008007ec4       0x18 Drivers/STM32F4xx_HAL_Driver/Src/stm32f4xx_hal_rcc.o
                0x0000000008007ec4                HAL_RCC_GetHCLKFreq
 .text.HAL_RCC_GetPCLK1Freq
                0x0000000008007edc       0x28 Drivers/STM32F4xx_HAL_Driver/Src/stm32f4xx_hal_rcc.o
                0x0000000008007edc                HAL_RCC_GetPCLK1Freq
 .text.HAL_RCC_GetClockConfig
                0x0000000008007f04       0x64 Drivers/STM32F4xx_HAL_Driver/Src/stm32f4xx_hal_rcc.o
                0x0000000008007f04                HAL_RCC_GetClockConfig
 .text.HAL_SPI_Init
                0x0000000008007f68      0x112 Drivers/STM32F4xx_HAL_Driver/Src/stm32f4xx_hal_spi.o
                0x0000000008007f68                HAL_SPI_Init
 .text.HAL_SPI_Transmit
                0x000000000800807a      0x278 Drivers/STM32F4xx_HAL_Driver/Src/stm32f4xx_hal_spi.o
                0x000000000800807a                HAL_SPI_Transmit
 .text.HAL_SPI_Receive
                0x00000000080082f2      0x222 Drivers/STM32F4xx_HAL_Driver/Src/stm32f4xx_hal_spi.o
                0x00000000080082f2                HAL_SPI_Receive
 .text.HAL_SPI_TransmitReceive
                0x0000000008008514      0x344 Drivers/STM32F4xx_HAL_Driver/Src/stm32f4xx_hal_spi.o
                0x0000000008008514                HAL_SPI_TransmitReceive
 .text.HAL_SPI_GetState
                0x0000000008008858       0x1c Drivers/STM32F4xx_HAL_Driver/Src/stm32f4xx_hal_spi.o
                0x0000000008008858                HAL_SPI_GetState
 .text.SPI_WaitFlagStateUntilTimeout
                0x0000000008008874      0x110 Drivers/STM32F4xx_HAL_Driver/Src/stm32f4xx_hal_spi.o
 .text.SPI_EndRxTransaction
                0x0000000008008984       0xca Drivers/STM32F4xx_HAL_Driver/Src/stm32f4xx_hal_spi.o
 *fill*         0x0000000008008a4e        0x2 
 .text.SPI_EndRxTxTransaction
                0x0000000008008a50       0x84 Drivers/STM32F4xx_HAL_Driver/Src/stm32f4xx_hal_spi.o
 .text.HAL_SRAM_Init
                0x0000000008008ad4       0x88 Drivers/STM32F4xx_HAL_Driver/Src/stm32f4xx_hal_sram.o
                0x0000000008008ad4                HAL_SRAM_Init
 .text.HAL_TIM_Base_Init
                0x0000000008008b5c       0x9e Drivers/STM32F4xx_HAL_Driver/Src/stm32f4xx_hal_tim.o
                0x0000000008008b5c                HAL_TIM_Base_Init
 .text.HAL_TIM_Base_MspInit
                0x0000000008008bfa       0x14 Drivers/STM32F4xx_HAL_Driver/Src/stm32f4xx_hal_tim.o
                0x0000000008008bfa                HAL_TIM_Base_MspInit
 *fill*         0x0000000008008c0e        0x2 
 .text.HAL_TIM_Base_Start_IT
                0x0000000008008c10       0xe0 Drivers/STM32F4xx_HAL_Driver/Src/stm32f4xx_hal_tim.o
                0x0000000008008c10                HAL_TIM_Base_Start_IT
 .text.HAL_TIM_PWM_Init
                0x0000000008008cf0       0x9e Drivers/STM32F4xx_HAL_Driver/Src/stm32f4xx_hal_tim.o
                0x0000000008008cf0                HAL_TIM_PWM_Init
 *fill*         0x0000000008008d8e        0x2 
 .text.HAL_TIM_PWM_Start
                0x0000000008008d90      0x190 Drivers/STM32F4xx_HAL_Driver/Src/stm32f4xx_hal_tim.o
                0x0000000008008d90                HAL_TIM_PWM_Start
 .text.HAL_TIM_IRQHandler
                0x0000000008008f20      0x210 Drivers/STM32F4xx_HAL_Driver/Src/stm32f4xx_hal_tim.o
                0x0000000008008f20                HAL_TIM_IRQHandler
 .text.HAL_TIM_PWM_ConfigChannel
                0x0000000008009130      0x17c Drivers/STM32F4xx_HAL_Driver/Src/stm32f4xx_hal_tim.o
                0x0000000008009130                HAL_TIM_PWM_ConfigChannel
 .text.HAL_TIM_OC_DelayElapsedCallback
                0x00000000080092ac       0x14 Drivers/STM32F4xx_HAL_Driver/Src/stm32f4xx_hal_tim.o
                0x00000000080092ac                HAL_TIM_OC_DelayElapsedCallback
 .text.HAL_TIM_IC_CaptureCallback
                0x00000000080092c0       0x14 Drivers/STM32F4xx_HAL_Driver/Src/stm32f4xx_hal_tim.o
                0x00000000080092c0                HAL_TIM_IC_CaptureCallback
 .text.HAL_TIM_PWM_PulseFinishedCallback
                0x00000000080092d4       0x14 Drivers/STM32F4xx_HAL_Driver/Src/stm32f4xx_hal_tim.o
                0x00000000080092d4                HAL_TIM_PWM_PulseFinishedCallback
 .text.HAL_TIM_TriggerCallback
                0x00000000080092e8       0x14 Drivers/STM32F4xx_HAL_Driver/Src/stm32f4xx_hal_tim.o
                0x00000000080092e8                HAL_TIM_TriggerCallback
 .text.TIM_Base_SetConfig
                0x00000000080092fc      0x140 Drivers/STM32F4xx_HAL_Driver/Src/stm32f4xx_hal_tim.o
                0x00000000080092fc                TIM_Base_SetConfig
 .text.TIM_OC1_SetConfig
                0x000000000800943c       0xe0 Drivers/STM32F4xx_HAL_Driver/Src/stm32f4xx_hal_tim.o
 .text.TIM_OC2_SetConfig
                0x000000000800951c       0xec Drivers/STM32F4xx_HAL_Driver/Src/stm32f4xx_hal_tim.o
                0x000000000800951c                TIM_OC2_SetConfig
 .text.TIM_OC3_SetConfig
                0x0000000008009608       0xe8 Drivers/STM32F4xx_HAL_Driver/Src/stm32f4xx_hal_tim.o
 .text.TIM_OC4_SetConfig
                0x00000000080096f0       0xac Drivers/STM32F4xx_HAL_Driver/Src/stm32f4xx_hal_tim.o
 .text.TIM_CCxChannelCmd
                0x000000000800979c       0x4a Drivers/STM32F4xx_HAL_Driver/Src/stm32f4xx_hal_tim.o
                0x000000000800979c                TIM_CCxChannelCmd
 *fill*         0x00000000080097e6        0x2 
 .text.HAL_TIMEx_MasterConfigSynchronization
                0x00000000080097e8       0xf8 Drivers/STM32F4xx_HAL_Driver/Src/stm32f4xx_hal_tim_ex.o
                0x00000000080097e8                HAL_TIMEx_MasterConfigSynchronization
 .text.HAL_TIMEx_CommutCallback
                0x00000000080098e0       0x14 Drivers/STM32F4xx_HAL_Driver/Src/stm32f4xx_hal_tim_ex.o
                0x00000000080098e0                HAL_TIMEx_CommutCallback
 .text.HAL_TIMEx_BreakCallback
                0x00000000080098f4       0x14 Drivers/STM32F4xx_HAL_Driver/Src/stm32f4xx_hal_tim_ex.o
                0x00000000080098f4                HAL_TIMEx_BreakCallback
 .text.FSMC_NORSRAM_Init
                0x0000000008009908       0xa4 Drivers/STM32F4xx_HAL_Driver/Src/stm32f4xx_ll_fsmc.o
                0x0000000008009908                FSMC_NORSRAM_Init
 .text.FSMC_NORSRAM_Timing_Init
                0x00000000080099ac       0x7a Drivers/STM32F4xx_HAL_Driver/Src/stm32f4xx_ll_fsmc.o
                0x00000000080099ac                FSMC_NORSRAM_Timing_Init
 *fill*         0x0000000008009a26        0x2 
 .text.FSMC_NORSRAM_Extended_Timing_Init
                0x0000000008009a28       0x80 Drivers/STM32F4xx_HAL_Driver/Src/stm32f4xx_ll_fsmc.o
                0x0000000008009a28                FSMC_NORSRAM_Extended_Timing_Init
 .text.USB_CoreInit
                0x0000000008009aa8       0xc2 Drivers/STM32F4xx_HAL_Driver/Src/stm32f4xx_ll_usb.o
                0x0000000008009aa8                USB_CoreInit
 *fill*         0x0000000008009b6a        0x2 
 .text.USB_SetTurnaroundTime
                0x0000000008009b6c      0x144 Drivers/STM32F4xx_HAL_Driver/Src/stm32f4xx_ll_usb.o
                0x0000000008009b6c                USB_SetTurnaroundTime
 .text.USB_EnableGlobalInt
                0x0000000008009cb0       0x22 Drivers/STM32F4xx_HAL_Driver/Src/stm32f4xx_ll_usb.o
                0x0000000008009cb0                USB_EnableGlobalInt
 .text.USB_DisableGlobalInt
                0x0000000008009cd2       0x22 Drivers/STM32F4xx_HAL_Driver/Src/stm32f4xx_ll_usb.o
                0x0000000008009cd2                USB_DisableGlobalInt
 .text.USB_SetCurrentMode
                0x0000000008009cf4       0x54 Drivers/STM32F4xx_HAL_Driver/Src/stm32f4xx_ll_usb.o
                0x0000000008009cf4                USB_SetCurrentMode
 .text.USB_DevInit
                0x0000000008009d48      0x2c8 Drivers/STM32F4xx_HAL_Driver/Src/stm32f4xx_ll_usb.o
                0x0000000008009d48                USB_DevInit
 .text.USB_FlushTxFifo
                0x000000000800a010       0x4c Drivers/STM32F4xx_HAL_Driver/Src/stm32f4xx_ll_usb.o
                0x000000000800a010                USB_FlushTxFifo
 .text.USB_FlushRxFifo
                0x000000000800a05c       0x44 Drivers/STM32F4xx_HAL_Driver/Src/stm32f4xx_ll_usb.o
                0x000000000800a05c                USB_FlushRxFifo
 .text.USB_SetDevSpeed
                0x000000000800a0a0       0x32 Drivers/STM32F4xx_HAL_Driver/Src/stm32f4xx_ll_usb.o
                0x000000000800a0a0                USB_SetDevSpeed
 .text.USB_GetDevSpeed
                0x000000000800a0d2       0x4a Drivers/STM32F4xx_HAL_Driver/Src/stm32f4xx_ll_usb.o
                0x000000000800a0d2                USB_GetDevSpeed
 .text.USB_ActivateEndpoint
                0x000000000800a11c      0x10e Drivers/STM32F4xx_HAL_Driver/Src/stm32f4xx_ll_usb.o
                0x000000000800a11c                USB_ActivateEndpoint
 *fill*         0x000000000800a22a        0x2 
 .text.USB_DeactivateEndpoint
                0x000000000800a22c      0x1b8 Drivers/STM32F4xx_HAL_Driver/Src/stm32f4xx_ll_usb.o
                0x000000000800a22c                USB_DeactivateEndpoint
 .text.USB_EPStartXfer
                0x000000000800a3e4      0x488 Drivers/STM32F4xx_HAL_Driver/Src/stm32f4xx_ll_usb.o
                0x000000000800a3e4                USB_EPStartXfer
 .text.USB_EP0StartXfer
                0x000000000800a86c      0x2a6 Drivers/STM32F4xx_HAL_Driver/Src/stm32f4xx_ll_usb.o
                0x000000000800a86c                USB_EP0StartXfer
 .text.USB_WritePacket
                0x000000000800ab12       0x6a Drivers/STM32F4xx_HAL_Driver/Src/stm32f4xx_ll_usb.o
                0x000000000800ab12                USB_WritePacket
 .text.USB_ReadPacket
                0x000000000800ab7c       0x52 Drivers/STM32F4xx_HAL_Driver/Src/stm32f4xx_ll_usb.o
                0x000000000800ab7c                USB_ReadPacket
 .text.USB_EPSetStall
                0x000000000800abce       0xdc Drivers/STM32F4xx_HAL_Driver/Src/stm32f4xx_ll_usb.o
                0x000000000800abce                USB_EPSetStall
 .text.USB_EPClearStall
                0x000000000800acaa       0xcc Drivers/STM32F4xx_HAL_Driver/Src/stm32f4xx_ll_usb.o
                0x000000000800acaa                USB_EPClearStall
 .text.USB_SetDevAddress
                0x000000000800ad76       0x4c Drivers/STM32F4xx_HAL_Driver/Src/stm32f4xx_ll_usb.o
                0x000000000800ad76                USB_SetDevAddress
 .text.USB_DevConnect
                0x000000000800adc2       0x42 Drivers/STM32F4xx_HAL_Driver/Src/stm32f4xx_ll_usb.o
                0x000000000800adc2                USB_DevConnect
 .text.USB_DevDisconnect
                0x000000000800ae04       0x42 Drivers/STM32F4xx_HAL_Driver/Src/stm32f4xx_ll_usb.o
                0x000000000800ae04                USB_DevDisconnect
 .text.USB_ReadInterrupts
                0x000000000800ae46       0x26 Drivers/STM32F4xx_HAL_Driver/Src/stm32f4xx_ll_usb.o
                0x000000000800ae46                USB_ReadInterrupts
 .text.USB_ReadDevAllOutEpInterrupt
                0x000000000800ae6c       0x34 Drivers/STM32F4xx_HAL_Driver/Src/stm32f4xx_ll_usb.o
                0x000000000800ae6c                USB_ReadDevAllOutEpInterrupt
 .text.USB_ReadDevAllInEpInterrupt
                0x000000000800aea0       0x34 Drivers/STM32F4xx_HAL_Driver/Src/stm32f4xx_ll_usb.o
                0x000000000800aea0                USB_ReadDevAllInEpInterrupt
 .text.USB_ReadDevOutEPInterrupt
                0x000000000800aed4       0x3c Drivers/STM32F4xx_HAL_Driver/Src/stm32f4xx_ll_usb.o
                0x000000000800aed4                USB_ReadDevOutEPInterrupt
 .text.USB_ReadDevInEPInterrupt
                0x000000000800af10       0x5c Drivers/STM32F4xx_HAL_Driver/Src/stm32f4xx_ll_usb.o
                0x000000000800af10                USB_ReadDevInEPInterrupt
 .text.USB_GetMode
                0x000000000800af6c       0x1c Drivers/STM32F4xx_HAL_Driver/Src/stm32f4xx_ll_usb.o
                0x000000000800af6c                USB_GetMode
 .text.USB_ActivateSetup
                0x000000000800af88       0x46 Drivers/STM32F4xx_HAL_Driver/Src/stm32f4xx_ll_usb.o
                0x000000000800af88                USB_ActivateSetup
 *fill*         0x000000000800afce        0x2 
 .text.USB_EP0_OutStart
                0x000000000800afd0       0xbc Drivers/STM32F4xx_HAL_Driver/Src/stm32f4xx_ll_usb.o
                0x000000000800afd0                USB_EP0_OutStart
 .text.USB_CoreReset
                0x000000000800b08c       0x68 Drivers/STM32F4xx_HAL_Driver/Src/stm32f4xx_ll_usb.o
 .text.USBD_CDC_Init
                0x000000000800b0f4       0xfe Middlewares/ST/STM32_USB_Device_Library/Class/CDC/Src/usbd_cdc.o
 .text.USBD_CDC_DeInit
                0x000000000800b1f2       0x74 Middlewares/ST/STM32_USB_Device_Library/Class/CDC/Src/usbd_cdc.o
 *fill*         0x000000000800b266        0x2 
 .text.USBD_CDC_Setup
                0x000000000800b268      0x190 Middlewares/ST/STM32_USB_Device_Library/Class/CDC/Src/usbd_cdc.o
 .text.USBD_CDC_DataIn
                0x000000000800b3f8       0xca Middlewares/ST/STM32_USB_Device_Library/Class/CDC/Src/usbd_cdc.o
 .text.USBD_CDC_DataOut
                0x000000000800b4c2       0x56 Middlewares/ST/STM32_USB_Device_Library/Class/CDC/Src/usbd_cdc.o
 .text.USBD_CDC_EP0_RxReady
                0x000000000800b518       0x5a Middlewares/ST/STM32_USB_Device_Library/Class/CDC/Src/usbd_cdc.o
 *fill*         0x000000000800b572        0x2 
 .text.USBD_CDC_GetFSCfgDesc
                0x000000000800b574       0x20 Middlewares/ST/STM32_USB_Device_Library/Class/CDC/Src/usbd_cdc.o
 .text.USBD_CDC_GetHSCfgDesc
                0x000000000800b594       0x20 Middlewares/ST/STM32_USB_Device_Library/Class/CDC/Src/usbd_cdc.o
 .text.USBD_CDC_GetOtherSpeedCfgDesc
                0x000000000800b5b4       0x20 Middlewares/ST/STM32_USB_Device_Library/Class/CDC/Src/usbd_cdc.o
 .text.USBD_CDC_GetDeviceQualifierDescriptor
                0x000000000800b5d4       0x20 Middlewares/ST/STM32_USB_Device_Library/Class/CDC/Src/usbd_cdc.o
                0x000000000800b5d4                USBD_CDC_GetDeviceQualifierDescriptor
 .text.USBD_CDC_RegisterInterface
                0x000000000800b5f4       0x2a Middlewares/ST/STM32_USB_Device_Library/Class/CDC/Src/usbd_cdc.o
                0x000000000800b5f4                USBD_CDC_RegisterInterface
 .text.USBD_CDC_SetTxBuffer
                0x000000000800b61e       0x3c Middlewares/ST/STM32_USB_Device_Library/Class/CDC/Src/usbd_cdc.o
                0x000000000800b61e                USBD_CDC_SetTxBuffer
 .text.USBD_CDC_SetRxBuffer
                0x000000000800b65a       0x32 Middlewares/ST/STM32_USB_Device_Library/Class/CDC/Src/usbd_cdc.o
                0x000000000800b65a                USBD_CDC_SetRxBuffer
 .text.USBD_CDC_TransmitPacket
                0x000000000800b68c       0x60 Middlewares/ST/STM32_USB_Device_Library/Class/CDC/Src/usbd_cdc.o
                0x000000000800b68c                USBD_CDC_TransmitPacket
 .text.USBD_CDC_ReceivePacket
                0x000000000800b6ec       0x54 Middlewares/ST/STM32_USB_Device_Library/Class/CDC/Src/usbd_cdc.o
                0x000000000800b6ec                USBD_CDC_ReceivePacket
 .text.USBD_Init
                0x000000000800b740       0x60 Middlewares/ST/STM32_USB_Device_Library/Core/Src/usbd_core.o
                0x000000000800b740                USBD_Init
 .text.USBD_RegisterClass
                0x000000000800b7a0       0x4e Middlewares/ST/STM32_USB_Device_Library/Core/Src/usbd_core.o
                0x000000000800b7a0                USBD_RegisterClass
 .text.USBD_Start
                0x000000000800b7ee       0x18 Middlewares/ST/STM32_USB_Device_Library/Core/Src/usbd_core.o
                0x000000000800b7ee                USBD_Start
 .text.USBD_RunTestMode
                0x000000000800b806       0x16 Middlewares/ST/STM32_USB_Device_Library/Core/Src/usbd_core.o
                0x000000000800b806                USBD_RunTestMode
 .text.USBD_SetClassConfig
                0x000000000800b81c       0x38 Middlewares/ST/STM32_USB_Device_Library/Core/Src/usbd_core.o
                0x000000000800b81c                USBD_SetClassConfig
 .text.USBD_ClrClassConfig
                0x000000000800b854       0x30 Middlewares/ST/STM32_USB_Device_Library/Core/Src/usbd_core.o
                0x000000000800b854                USBD_ClrClassConfig
 .text.USBD_LL_SetupStage
                0x000000000800b884       0xaa Middlewares/ST/STM32_USB_Device_Library/Core/Src/usbd_core.o
                0x000000000800b884                USBD_LL_SetupStage
 .text.USBD_LL_DataOutStage
                0x000000000800b92e       0xc6 Middlewares/ST/STM32_USB_Device_Library/Core/Src/usbd_core.o
                0x000000000800b92e                USBD_LL_DataOutStage
 .text.USBD_LL_DataInStage
                0x000000000800b9f4      0x12c Middlewares/ST/STM32_USB_Device_Library/Core/Src/usbd_core.o
                0x000000000800b9f4                USBD_LL_DataInStage
 .text.USBD_LL_Reset
                0x000000000800bb20       0x9c Middlewares/ST/STM32_USB_Device_Library/Core/Src/usbd_core.o
                0x000000000800bb20                USBD_LL_Reset
 .text.USBD_LL_SetSpeed
                0x000000000800bbbc       0x20 Middlewares/ST/STM32_USB_Device_Library/Core/Src/usbd_core.o
                0x000000000800bbbc                USBD_LL_SetSpeed
 .text.USBD_LL_Suspend
                0x000000000800bbdc       0x2c Middlewares/ST/STM32_USB_Device_Library/Core/Src/usbd_core.o
                0x000000000800bbdc                USBD_LL_Suspend
 .text.USBD_LL_Resume
                0x000000000800bc08       0x30 Middlewares/ST/STM32_USB_Device_Library/Core/Src/usbd_core.o
                0x000000000800bc08                USBD_LL_Resume
 .text.USBD_LL_SOF
                0x000000000800bc38       0x44 Middlewares/ST/STM32_USB_Device_Library/Core/Src/usbd_core.o
                0x000000000800bc38                USBD_LL_SOF
 .text.USBD_LL_IsoINIncomplete
                0x000000000800bc7c       0x4c Middlewares/ST/STM32_USB_Device_Library/Core/Src/usbd_core.o
                0x000000000800bc7c                USBD_LL_IsoINIncomplete
 .text.USBD_LL_IsoOUTIncomplete
                0x000000000800bcc8       0x4c Middlewares/ST/STM32_USB_Device_Library/Core/Src/usbd_core.o
                0x000000000800bcc8                USBD_LL_IsoOUTIncomplete
 .text.USBD_LL_DevConnected
                0x000000000800bd14       0x16 Middlewares/ST/STM32_USB_Device_Library/Core/Src/usbd_core.o
                0x000000000800bd14                USBD_LL_DevConnected
 .text.USBD_LL_DevDisconnected
                0x000000000800bd2a       0x38 Middlewares/ST/STM32_USB_Device_Library/Core/Src/usbd_core.o
                0x000000000800bd2a                USBD_LL_DevDisconnected
 .text.SWAPBYTE
                0x000000000800bd62       0x3c Middlewares/ST/STM32_USB_Device_Library/Core/Src/usbd_ctlreq.o
 *fill*         0x000000000800bd9e        0x2 
 .text.USBD_StdDevReq
                0x000000000800bda0       0xdc Middlewares/ST/STM32_USB_Device_Library/Core/Src/usbd_ctlreq.o
                0x000000000800bda0                USBD_StdDevReq
 .text.USBD_StdItfReq
                0x000000000800be7c       0x92 Middlewares/ST/STM32_USB_Device_Library/Core/Src/usbd_ctlreq.o
                0x000000000800be7c                USBD_StdItfReq
 .text.USBD_StdEPReq
                0x000000000800bf0e      0x2c4 Middlewares/ST/STM32_USB_Device_Library/Core/Src/usbd_ctlreq.o
                0x000000000800bf0e                USBD_StdEPReq
 *fill*         0x000000000800c1d2        0x2 
 .text.USBD_GetDescriptor
                0x000000000800c1d4      0x2d4 Middlewares/ST/STM32_USB_Device_Library/Core/Src/usbd_ctlreq.o
 .text.USBD_SetAddress
                0x000000000800c4a8       0x88 Middlewares/ST/STM32_USB_Device_Library/Core/Src/usbd_ctlreq.o
 .text.USBD_SetConfig
                0x000000000800c530      0x14c Middlewares/ST/STM32_USB_Device_Library/Core/Src/usbd_ctlreq.o
 .text.USBD_GetConfig
                0x000000000800c67c       0x6c Middlewares/ST/STM32_USB_Device_Library/Core/Src/usbd_ctlreq.o
 .text.USBD_GetStatus
                0x000000000800c6e8       0x68 Middlewares/ST/STM32_USB_Device_Library/Core/Src/usbd_ctlreq.o
 .text.USBD_SetFeature
                0x000000000800c750       0x28 Middlewares/ST/STM32_USB_Device_Library/Core/Src/usbd_ctlreq.o
 .text.USBD_ClrFeature
                0x000000000800c778       0x44 Middlewares/ST/STM32_USB_Device_Library/Core/Src/usbd_ctlreq.o
 .text.USBD_ParseSetupRequest
                0x000000000800c7bc       0x74 Middlewares/ST/STM32_USB_Device_Library/Core/Src/usbd_ctlreq.o
                0x000000000800c7bc                USBD_ParseSetupRequest
 .text.USBD_CtlError
                0x000000000800c830       0x22 Middlewares/ST/STM32_USB_Device_Library/Core/Src/usbd_ctlreq.o
                0x000000000800c830                USBD_CtlError
 .text.USBD_GetString
                0x000000000800c852       0x8c Middlewares/ST/STM32_USB_Device_Library/Core/Src/usbd_ctlreq.o
                0x000000000800c852                USBD_GetString
 .text.USBD_GetLen
                0x000000000800c8de       0x34 Middlewares/ST/STM32_USB_Device_Library/Core/Src/usbd_ctlreq.o
 .text.USBD_CtlSendData
                0x000000000800c912       0x36 Middlewares/ST/STM32_USB_Device_Library/Core/Src/usbd_ioreq.o
                0x000000000800c912                USBD_CtlSendData
 .text.USBD_CtlContinueSendData
                0x000000000800c948       0x22 Middlewares/ST/STM32_USB_Device_Library/Core/Src/usbd_ioreq.o
                0x000000000800c948                USBD_CtlContinueSendData
 .text.USBD_CtlPrepareRx
                0x000000000800c96a       0x3a Middlewares/ST/STM32_USB_Device_Library/Core/Src/usbd_ioreq.o
                0x000000000800c96a                USBD_CtlPrepareRx
 .text.USBD_CtlContinueRx
                0x000000000800c9a4       0x22 Middlewares/ST/STM32_USB_Device_Library/Core/Src/usbd_ioreq.o
                0x000000000800c9a4                USBD_CtlContinueRx
 .text.USBD_CtlSendStatus
                0x000000000800c9c6       0x26 Middlewares/ST/STM32_USB_Device_Library/Core/Src/usbd_ioreq.o
                0x000000000800c9c6                USBD_CtlSendStatus
 .text.USBD_CtlReceiveStatus
                0x000000000800c9ec       0x26 Middlewares/ST/STM32_USB_Device_Library/Core/Src/usbd_ioreq.o
                0x000000000800c9ec                USBD_CtlReceiveStatus
 *fill*         0x000000000800ca12        0x2 
 .text.__NVIC_SetPriority
                0x000000000800ca14       0x54 Middlewares/Third_Party/FreeRTOS/Source/CMSIS_RTOS_V2/cmsis_os2.o
 .text.SysTick_Handler
                0x000000000800ca68       0x20 Middlewares/Third_Party/FreeRTOS/Source/CMSIS_RTOS_V2/cmsis_os2.o
                0x000000000800ca68                SysTick_Handler
 .text.SVC_Setup
                0x000000000800ca88       0x12 Middlewares/Third_Party/FreeRTOS/Source/CMSIS_RTOS_V2/cmsis_os2.o
 *fill*         0x000000000800ca9a        0x2 
 .text.osKernelInitialize
                0x000000000800ca9c       0x48 Middlewares/Third_Party/FreeRTOS/Source/CMSIS_RTOS_V2/cmsis_os2.o
                0x000000000800ca9c                osKernelInitialize
 .text.osKernelStart
                0x000000000800cae4       0x4c Middlewares/Third_Party/FreeRTOS/Source/CMSIS_RTOS_V2/cmsis_os2.o
                0x000000000800cae4                osKernelStart
 .text.osThreadNew
                0x000000000800cb30      0x124 Middlewares/Third_Party/FreeRTOS/Source/CMSIS_RTOS_V2/cmsis_os2.o
                0x000000000800cb30                osThreadNew
 .text.osThreadFlagsSet
                0x000000000800cc54       0x9c Middlewares/Third_Party/FreeRTOS/Source/CMSIS_RTOS_V2/cmsis_os2.o
                0x000000000800cc54                osThreadFlagsSet
 .text.osDelay  0x000000000800ccf0       0x36 Middlewares/Third_Party/FreeRTOS/Source/CMSIS_RTOS_V2/cmsis_os2.o
                0x000000000800ccf0                osDelay
 .text.osMessageQueueNew
                0x000000000800cd26       0xe6 Middlewares/Third_Party/FreeRTOS/Source/CMSIS_RTOS_V2/cmsis_os2.o
                0x000000000800cd26                osMessageQueueNew
 .text.vApplicationGetIdleTaskMemory
                0x000000000800ce0c       0x34 Middlewares/Third_Party/FreeRTOS/Source/CMSIS_RTOS_V2/cmsis_os2.o
                0x000000000800ce0c                vApplicationGetIdleTaskMemory
 .text.vApplicationGetTimerTaskMemory
                0x000000000800ce40       0x34 Middlewares/Third_Party/FreeRTOS/Source/CMSIS_RTOS_V2/cmsis_os2.o
                0x000000000800ce40                vApplicationGetTimerTaskMemory
 .text.vListInitialise
                0x000000000800ce74       0x40 Middlewares/Third_Party/FreeRTOS/Source/list.o
                0x000000000800ce74                vListInitialise
 .text.vListInitialiseItem
                0x000000000800ceb4       0x1a Middlewares/Third_Party/FreeRTOS/Source/list.o
                0x000000000800ceb4                vListInitialiseItem
 .text.vListInsertEnd
                0x000000000800cece       0x48 Middlewares/Third_Party/FreeRTOS/Source/list.o
                0x000000000800cece                vListInsertEnd
 .text.vListInsert
                0x000000000800cf16       0x72 Middlewares/Third_Party/FreeRTOS/Source/list.o
                0x000000000800cf16                vListInsert
 .text.uxListRemove
                0x000000000800cf88       0x54 Middlewares/Third_Party/FreeRTOS/Source/list.o
                0x000000000800cf88                uxListRemove
 .text.xQueueGenericReset
                0x000000000800cfdc       0xd0 Middlewares/Third_Party/FreeRTOS/Source/queue.o
                0x000000000800cfdc                xQueueGenericReset
 .text.xQueueGenericCreateStatic
                0x000000000800d0ac       0xf0 Middlewares/Third_Party/FreeRTOS/Source/queue.o
                0x000000000800d0ac                xQueueGenericCreateStatic
 .text.xQueueGenericCreate
                0x000000000800d19c       0x74 Middlewares/Third_Party/FreeRTOS/Source/queue.o
                0x000000000800d19c                xQueueGenericCreate
 .text.prvInitialiseNewQueue
                0x000000000800d210       0x46 Middlewares/Third_Party/FreeRTOS/Source/queue.o
 *fill*         0x000000000800d256        0x2 
 .text.xQueueGenericSend
                0x000000000800d258      0x1fc Middlewares/Third_Party/FreeRTOS/Source/queue.o
                0x000000000800d258                xQueueGenericSend
 .text.xQueueGenericSendFromISR
                0x000000000800d454      0x136 Middlewares/Third_Party/FreeRTOS/Source/queue.o
                0x000000000800d454                xQueueGenericSendFromISR
 *fill*         0x000000000800d58a        0x2 
 .text.xQueueReceive
                0x000000000800d58c      0x1c0 Middlewares/Third_Party/FreeRTOS/Source/queue.o
                0x000000000800d58c                xQueueReceive
 .text.prvCopyDataToQueue
                0x000000000800d74c       0xd4 Middlewares/Third_Party/FreeRTOS/Source/queue.o
 .text.prvCopyDataFromQueue
                0x000000000800d820       0x4c Middlewares/Third_Party/FreeRTOS/Source/queue.o
 .text.prvUnlockQueue
                0x000000000800d86c       0xa4 Middlewares/Third_Party/FreeRTOS/Source/queue.o
 .text.prvIsQueueEmpty
                0x000000000800d910       0x2c Middlewares/Third_Party/FreeRTOS/Source/queue.o
 .text.prvIsQueueFull
                0x000000000800d93c       0x30 Middlewares/Third_Party/FreeRTOS/Source/queue.o
 .text.vQueueAddToRegistry
                0x000000000800d96c       0x54 Middlewares/Third_Party/FreeRTOS/Source/queue.o
                0x000000000800d96c                vQueueAddToRegistry
 .text.vQueueWaitForMessageRestricted
                0x000000000800d9c0       0x68 Middlewares/Third_Party/FreeRTOS/Source/queue.o
                0x000000000800d9c0                vQueueWaitForMessageRestricted
 .text.xStreamBufferGenericCreate
                0x000000000800da28       0xb6 Middlewares/Third_Party/FreeRTOS/Source/stream_buffer.o
                0x000000000800da28                xStreamBufferGenericCreate
 .text.prvInitialiseNewStreamBuffer
                0x000000000800dade       0x66 Middlewares/Third_Party/FreeRTOS/Source/stream_buffer.o
 .text.xTaskCreateStatic
                0x000000000800db44       0xba Middlewares/Third_Party/FreeRTOS/Source/tasks.o
                0x000000000800db44                xTaskCreateStatic
 .text.xTaskCreate
                0x000000000800dbfe       0x8a Middlewares/Third_Party/FreeRTOS/Source/tasks.o
                0x000000000800dbfe                xTaskCreate
 .text.prvInitialiseNewTask
                0x000000000800dc88      0x11e Middlewares/Third_Party/FreeRTOS/Source/tasks.o
 *fill*         0x000000000800dda6        0x2 
 .text.prvAddNewTaskToReadyList
                0x000000000800dda8       0xe0 Middlewares/Third_Party/FreeRTOS/Source/tasks.o
 .text.vTaskDelay
                0x000000000800de88       0x68 Middlewares/Third_Party/FreeRTOS/Source/tasks.o
                0x000000000800de88                vTaskDelay
 .text.vTaskStartScheduler
                0x000000000800def0       0xcc Middlewares/Third_Party/FreeRTOS/Source/tasks.o
                0x000000000800def0                vTaskStartScheduler
 .text.vTaskSuspendAll
                0x000000000800dfbc       0x1c Middlewares/Third_Party/FreeRTOS/Source/tasks.o
                0x000000000800dfbc                vTaskSuspendAll
 .text.xTaskResumeAll
                0x000000000800dfd8      0x13c Middlewares/Third_Party/FreeRTOS/Source/tasks.o
                0x000000000800dfd8                xTaskResumeAll
 .text.xTaskGetTickCount
                0x000000000800e114       0x20 Middlewares/Third_Party/FreeRTOS/Source/tasks.o
                0x000000000800e114                xTaskGetTickCount
 .text.xTaskIncrementTick
                0x000000000800e134      0x174 Middlewares/Third_Party/FreeRTOS/Source/tasks.o
                0x000000000800e134                xTaskIncrementTick
 .text.vTaskSwitchContext
                0x000000000800e2a8       0xbc Middlewares/Third_Party/FreeRTOS/Source/tasks.o
                0x000000000800e2a8                vTaskSwitchContext
 .text.vTaskPlaceOnEventList
                0x000000000800e364       0x48 Middlewares/Third_Party/FreeRTOS/Source/tasks.o
                0x000000000800e364                vTaskPlaceOnEventList
 .text.vTaskPlaceOnEventListRestricted
                0x000000000800e3ac       0x58 Middlewares/Third_Party/FreeRTOS/Source/tasks.o
                0x000000000800e3ac                vTaskPlaceOnEventListRestricted
 .text.xTaskRemoveFromEventList
                0x000000000800e404       0xc8 Middlewares/Third_Party/FreeRTOS/Source/tasks.o
                0x000000000800e404                xTaskRemoveFromEventList
 .text.vTaskInternalSetTimeOutState
                0x000000000800e4cc       0x2c Middlewares/Third_Party/FreeRTOS/Source/tasks.o
                0x000000000800e4cc                vTaskInternalSetTimeOutState
 .text.xTaskCheckForTimeOut
                0x000000000800e4f8       0xc4 Middlewares/Third_Party/FreeRTOS/Source/tasks.o
                0x000000000800e4f8                xTaskCheckForTimeOut
 .text.vTaskMissedYield
                0x000000000800e5bc       0x18 Middlewares/Third_Party/FreeRTOS/Source/tasks.o
                0x000000000800e5bc                vTaskMissedYield
 .text.prvIdleTask
                0x000000000800e5d4       0x34 Middlewares/Third_Party/FreeRTOS/Source/tasks.o
 .text.prvInitialiseTaskLists
                0x000000000800e608       0x80 Middlewares/Third_Party/FreeRTOS/Source/tasks.o
 .text.prvCheckTasksWaitingTermination
                0x000000000800e688       0x5c Middlewares/Third_Party/FreeRTOS/Source/tasks.o
 .text.prvDeleteTCB
                0x000000000800e6e4       0x5e Middlewares/Third_Party/FreeRTOS/Source/tasks.o
 *fill*         0x000000000800e742        0x2 
 .text.prvResetNextTaskUnblockTime
                0x000000000800e744       0x40 Middlewares/Third_Party/FreeRTOS/Source/tasks.o
 .text.xTaskGetSchedulerState
                0x000000000800e784       0x3c Middlewares/Third_Party/FreeRTOS/Source/tasks.o
                0x000000000800e784                xTaskGetSchedulerState
 .text.xTaskPriorityDisinherit
                0x000000000800e7c0       0xdc Middlewares/Third_Party/FreeRTOS/Source/tasks.o
                0x000000000800e7c0                xTaskPriorityDisinherit
 .text.xTaskGenericNotify
                0x000000000800e89c      0x170 Middlewares/Third_Party/FreeRTOS/Source/tasks.o
                0x000000000800e89c                xTaskGenericNotify
 .text.xTaskGenericNotifyFromISR
                0x000000000800ea0c      0x1b8 Middlewares/Third_Party/FreeRTOS/Source/tasks.o
                0x000000000800ea0c                xTaskGenericNotifyFromISR
 .text.prvAddCurrentTaskToDelayedList
                0x000000000800ebc4       0xa8 Middlewares/Third_Party/FreeRTOS/Source/tasks.o
 .text.xTimerCreateTimerTask
                0x000000000800ec6c       0x90 Middlewares/Third_Party/FreeRTOS/Source/timers.o
                0x000000000800ec6c                xTimerCreateTimerTask
 .text.xTimerGenericCommand
                0x000000000800ecfc       0x9c Middlewares/Third_Party/FreeRTOS/Source/timers.o
                0x000000000800ecfc                xTimerGenericCommand
 .text.prvProcessExpiredTimer
                0x000000000800ed98       0x98 Middlewares/Third_Party/FreeRTOS/Source/timers.o
 .text.prvTimerTask
                0x000000000800ee30       0x24 Middlewares/Third_Party/FreeRTOS/Source/timers.o
 .text.prvProcessTimerOrBlockTask
                0x000000000800ee54       0x9c Middlewares/Third_Party/FreeRTOS/Source/timers.o
 .text.prvGetNextExpireTime
                0x000000000800eef0       0x48 Middlewares/Third_Party/FreeRTOS/Source/timers.o
 .text.prvSampleTimeNow
                0x000000000800ef38       0x40 Middlewares/Third_Party/FreeRTOS/Source/timers.o
 .text.prvInsertTimerInActiveList
                0x000000000800ef78       0x84 Middlewares/Third_Party/FreeRTOS/Source/timers.o
 .text.prvProcessReceivedCommands
                0x000000000800effc      0x1c4 Middlewares/Third_Party/FreeRTOS/Source/timers.o
 .text.prvSwitchTimerLists
                0x000000000800f1c0       0xc8 Middlewares/Third_Party/FreeRTOS/Source/timers.o
 .text.prvCheckForValidListAndQueue
                0x000000000800f288       0x80 Middlewares/Third_Party/FreeRTOS/Source/timers.o
 .text.pxPortInitialiseStack
                0x000000000800f308       0x68 Middlewares/Third_Party/FreeRTOS/Source/portable/GCC/ARM_CM4F/port.o
                0x000000000800f308                pxPortInitialiseStack
 .text.prvTaskExitError
                0x000000000800f370       0x58 Middlewares/Third_Party/FreeRTOS/Source/portable/GCC/ARM_CM4F/port.o
 *fill*         0x000000000800f3c8        0x8 
 .text.SVC_Handler
                0x000000000800f3d0       0x28 Middlewares/Third_Party/FreeRTOS/Source/portable/GCC/ARM_CM4F/port.o
                0x000000000800f3d0                SVC_Handler
 .text.prvPortStartFirstTask
                0x000000000800f3f8       0x28 Middlewares/Third_Party/FreeRTOS/Source/portable/GCC/ARM_CM4F/port.o
 .text.xPortStartScheduler
                0x000000000800f420      0x144 Middlewares/Third_Party/FreeRTOS/Source/portable/GCC/ARM_CM4F/port.o
                0x000000000800f420                xPortStartScheduler
 .text.vPortEnterCritical
                0x000000000800f564       0x60 Middlewares/Third_Party/FreeRTOS/Source/portable/GCC/ARM_CM4F/port.o
                0x000000000800f564                vPortEnterCritical
 .text.vPortExitCritical
                0x000000000800f5c4       0x54 Middlewares/Third_Party/FreeRTOS/Source/portable/GCC/ARM_CM4F/port.o
                0x000000000800f5c4                vPortExitCritical
 *fill*         0x000000000800f618        0x8 
 .text.PendSV_Handler
                0x000000000800f620       0x68 Middlewares/Third_Party/FreeRTOS/Source/portable/GCC/ARM_CM4F/port.o
                0x000000000800f620                PendSV_Handler
 .text.xPortSysTickHandler
                0x000000000800f688       0x44 Middlewares/Third_Party/FreeRTOS/Source/portable/GCC/ARM_CM4F/port.o
                0x000000000800f688                xPortSysTickHandler
 .text.vPortSetupTimerInterrupt
                0x000000000800f6cc       0x48 Middlewares/Third_Party/FreeRTOS/Source/portable/GCC/ARM_CM4F/port.o
                0x000000000800f6cc                vPortSetupTimerInterrupt
 .text.vPortEnableVFP
                0x000000000800f714       0x14 Middlewares/Third_Party/FreeRTOS/Source/portable/GCC/ARM_CM4F/port.o
 .text.vPortValidateInterruptPriority
                0x000000000800f728       0x80 Middlewares/Third_Party/FreeRTOS/Source/portable/GCC/ARM_CM4F/port.o
                0x000000000800f728                vPortValidateInterruptPriority
 .text.pvPortMalloc
                0x000000000800f7a8      0x198 Middlewares/Third_Party/FreeRTOS/Source/portable/MemMang/heap_4.o
                0x000000000800f7a8                pvPortMalloc
 .text.vPortFree
                0x000000000800f940       0xc4 Middlewares/Third_Party/FreeRTOS/Source/portable/MemMang/heap_4.o
                0x000000000800f940                vPortFree
 .text.prvHeapInit
                0x000000000800fa04       0xc4 Middlewares/Third_Party/FreeRTOS/Source/portable/MemMang/heap_4.o
 .text.prvInsertBlockIntoFreeList
                0x000000000800fac8       0xb4 Middlewares/Third_Party/FreeRTOS/Source/portable/MemMang/heap_4.o
 .text.MX_USB_DEVICE_Init
                0x000000000800fb7c       0x60 USB_DEVICE/App/usb_device.o
                0x000000000800fb7c                MX_USB_DEVICE_Init
 .text.CDC_Init_FS
                0x000000000800fbdc       0x28 USB_DEVICE/App/usbd_cdc_if.o
 .text.CDC_DeInit_FS
                0x000000000800fc04       0x10 USB_DEVICE/App/usbd_cdc_if.o
 .text.CDC_Control_FS
                0x000000000800fc14       0xbc USB_DEVICE/App/usbd_cdc_if.o
 .text.CDC_Receive_FS
                0x000000000800fcd0       0x34 USB_DEVICE/App/usbd_cdc_if.o
 .text.CDC_Transmit_FS
                0x000000000800fd04       0x4c USB_DEVICE/App/usbd_cdc_if.o
                0x000000000800fd04                CDC_Transmit_FS
 .text.CDC_TransmitCplt_FS
                0x000000000800fd50       0x22 USB_DEVICE/App/usbd_cdc_if.o
 *fill*         0x000000000800fd72        0x2 
 .text.USBD_FS_DeviceDescriptor
                0x000000000800fd74       0x24 USB_DEVICE/App/usbd_desc.o
                0x000000000800fd74                USBD_FS_DeviceDescriptor
 .text.USBD_FS_LangIDStrDescriptor
                0x000000000800fd98       0x24 USB_DEVICE/App/usbd_desc.o
                0x000000000800fd98                USBD_FS_LangIDStrDescriptor
 .text.USBD_FS_ProductStrDescriptor
                0x000000000800fdbc       0x3c USB_DEVICE/App/usbd_desc.o
                0x000000000800fdbc                USBD_FS_ProductStrDescriptor
 .text.USBD_FS_ManufacturerStrDescriptor
                0x000000000800fdf8       0x28 USB_DEVICE/App/usbd_desc.o
                0x000000000800fdf8                USBD_FS_ManufacturerStrDescriptor
 .text.USBD_FS_SerialStrDescriptor
                0x000000000800fe20       0x24 USB_DEVICE/App/usbd_desc.o
                0x000000000800fe20                USBD_FS_SerialStrDescriptor
 .text.USBD_FS_ConfigStrDescriptor
                0x000000000800fe44       0x3c USB_DEVICE/App/usbd_desc.o
                0x000000000800fe44                USBD_FS_ConfigStrDescriptor
 .text.USBD_FS_InterfaceStrDescriptor
                0x000000000800fe80       0x3c USB_DEVICE/App/usbd_desc.o
                0x000000000800fe80                USBD_FS_InterfaceStrDescriptor
 .text.Get_SerialNum
                0x000000000800febc       0x58 USB_DEVICE/App/usbd_desc.o
 .text.IntToUnicode
                0x000000000800ff14       0x7e USB_DEVICE/App/usbd_desc.o
 *fill*         0x000000000800ff92        0x2 
 .text.HAL_PCD_MspInit
                0x000000000800ff94       0xa8 USB_DEVICE/Target/usbd_conf.o
                0x000000000800ff94                HAL_PCD_MspInit
 .text.HAL_PCD_SetupStageCallback
                0x000000000801003c       0x24 USB_DEVICE/Target/usbd_conf.o
                0x000000000801003c                HAL_PCD_SetupStageCallback
 .text.HAL_PCD_DataOutStageCallback
                0x0000000008010060       0x36 USB_DEVICE/Target/usbd_conf.o
                0x0000000008010060                HAL_PCD_DataOutStageCallback
 .text.HAL_PCD_DataInStageCallback
                0x0000000008010096       0x34 USB_DEVICE/Target/usbd_conf.o
                0x0000000008010096                HAL_PCD_DataInStageCallback
 .text.HAL_PCD_SOFCallback
                0x00000000080100ca       0x1c USB_DEVICE/Target/usbd_conf.o
                0x00000000080100ca                HAL_PCD_SOFCallback
 .text.HAL_PCD_ResetCallback
                0x00000000080100e6       0x50 USB_DEVICE/Target/usbd_conf.o
                0x00000000080100e6                HAL_PCD_ResetCallback
 *fill*         0x0000000008010136        0x2 
 .text.HAL_PCD_SuspendCallback
                0x0000000008010138       0x4c USB_DEVICE/Target/usbd_conf.o
                0x0000000008010138                HAL_PCD_SuspendCallback
 .text.HAL_PCD_ResumeCallback
                0x0000000008010184       0x1c USB_DEVICE/Target/usbd_conf.o
                0x0000000008010184                HAL_PCD_ResumeCallback
 .text.HAL_PCD_ISOOUTIncompleteCallback
                0x00000000080101a0       0x24 USB_DEVICE/Target/usbd_conf.o
                0x00000000080101a0                HAL_PCD_ISOOUTIncompleteCallback
 .text.HAL_PCD_ISOINIncompleteCallback
                0x00000000080101c4       0x24 USB_DEVICE/Target/usbd_conf.o
                0x00000000080101c4                HAL_PCD_ISOINIncompleteCallback
 .text.HAL_PCD_ConnectCallback
                0x00000000080101e8       0x1c USB_DEVICE/Target/usbd_conf.o
                0x00000000080101e8                HAL_PCD_ConnectCallback
 .text.HAL_PCD_DisconnectCallback
                0x0000000008010204       0x1c USB_DEVICE/Target/usbd_conf.o
                0x0000000008010204                HAL_PCD_DisconnectCallback
 .text.USBD_LL_Init
                0x0000000008010220       0x98 USB_DEVICE/Target/usbd_conf.o
                0x0000000008010220                USBD_LL_Init
 .text.USBD_LL_Start
                0x00000000080102b8       0x36 USB_DEVICE/Target/usbd_conf.o
                0x00000000080102b8                USBD_LL_Start
 .text.USBD_LL_OpenEP
                0x00000000080102ee       0x4c USB_DEVICE/Target/usbd_conf.o
                0x00000000080102ee                USBD_LL_OpenEP
 .text.USBD_LL_CloseEP
                0x000000000801033a       0x3e USB_DEVICE/Target/usbd_conf.o
                0x000000000801033a                USBD_LL_CloseEP
 .text.USBD_LL_StallEP
                0x0000000008010378       0x3e USB_DEVICE/Target/usbd_conf.o
                0x0000000008010378                USBD_LL_StallEP
 .text.USBD_LL_ClearStallEP
                0x00000000080103b6       0x3e USB_DEVICE/Target/usbd_conf.o
                0x00000000080103b6                USBD_LL_ClearStallEP
 .text.USBD_LL_IsStallEP
                0x00000000080103f4       0x58 USB_DEVICE/Target/usbd_conf.o
                0x00000000080103f4                USBD_LL_IsStallEP
 .text.USBD_LL_SetUSBAddress
                0x000000000801044c       0x3e USB_DEVICE/Target/usbd_conf.o
                0x000000000801044c                USBD_LL_SetUSBAddress
 .text.USBD_LL_Transmit
                0x000000000801048a       0x42 USB_DEVICE/Target/usbd_conf.o
                0x000000000801048a                USBD_LL_Transmit
 .text.USBD_LL_PrepareReceive
                0x00000000080104cc       0x42 USB_DEVICE/Target/usbd_conf.o
                0x00000000080104cc                USBD_LL_PrepareReceive
 .text.USBD_LL_GetRxDataSize
                0x000000000801050e       0x26 USB_DEVICE/Target/usbd_conf.o
                0x000000000801050e                USBD_LL_GetRxDataSize
 .text.USBD_static_malloc
                0x0000000008010534       0x1c USB_DEVICE/Target/usbd_conf.o
                0x0000000008010534                USBD_static_malloc
 .text.USBD_static_free
                0x0000000008010550       0x14 USB_DEVICE/Target/usbd_conf.o
                0x0000000008010550                USBD_static_free
 .text.USBD_Get_USB_Status
                0x0000000008010564       0x58 USB_DEVICE/Target/usbd_conf.o
                0x0000000008010564                USBD_Get_USB_Status
 .text.__errno  0x00000000080105bc        0xc c:/st/stm32cubeide_1.4.0/stm32cubeide/plugins/com.st.stm32cube.ide.mcu.externaltools.gnu-tools-for-stm32.9-2020-q2-update.win32_1.5.0.202011040924/tools/bin/../lib/gcc/arm-none-eabi/9.3.1/../../../../arm-none-eabi/lib/thumb/v7e-m+fp/hard\libc_nano.a(lib_a-errno.o)
                0x00000000080105bc                __errno
 .text.__libc_init_array
                0x00000000080105c8       0x48 c:/st/stm32cubeide_1.4.0/stm32cubeide/plugins/com.st.stm32cube.ide.mcu.externaltools.gnu-tools-for-stm32.9-2020-q2-update.win32_1.5.0.202011040924/tools/bin/../lib/gcc/arm-none-eabi/9.3.1/../../../../arm-none-eabi/lib/thumb/v7e-m+fp/hard\libc_nano.a(lib_a-init.o)
                0x00000000080105c8                __libc_init_array
 .text.memcpy   0x0000000008010610       0x1c c:/st/stm32cubeide_1.4.0/stm32cubeide/plugins/com.st.stm32cube.ide.mcu.externaltools.gnu-tools-for-stm32.9-2020-q2-update.win32_1.5.0.202011040924/tools/bin/../lib/gcc/arm-none-eabi/9.3.1/../../../../arm-none-eabi/lib/thumb/v7e-m+fp/hard\libc_nano.a(lib_a-memcpy-stub.o)
                0x0000000008010610                memcpy
 .text.memset   0x000000000801062c       0x10 c:/st/stm32cubeide_1.4.0/stm32cubeide/plugins/com.st.stm32cube.ide.mcu.externaltools.gnu-tools-for-stm32.9-2020-q2-update.win32_1.5.0.202011040924/tools/bin/../lib/gcc/arm-none-eabi/9.3.1/../../../../arm-none-eabi/lib/thumb/v7e-m+fp/hard\libc_nano.a(lib_a-memset.o)
                0x000000000801062c                memset
 .text._puts_r  0x000000000801063c       0xdc c:/st/stm32cubeide_1.4.0/stm32cubeide/plugins/com.st.stm32cube.ide.mcu.externaltools.gnu-tools-for-stm32.9-2020-q2-update.win32_1.5.0.202011040924/tools/bin/../lib/gcc/arm-none-eabi/9.3.1/../../../../arm-none-eabi/lib/thumb/v7e-m+fp/hard\libc_nano.a(lib_a-puts.o)
                0x000000000801063c                _puts_r
 .text.puts     0x0000000008010718       0x10 c:/st/stm32cubeide_1.4.0/stm32cubeide/plugins/com.st.stm32cube.ide.mcu.externaltools.gnu-tools-for-stm32.9-2020-q2-update.win32_1.5.0.202011040924/tools/bin/../lib/gcc/arm-none-eabi/9.3.1/../../../../arm-none-eabi/lib/thumb/v7e-m+fp/hard\libc_nano.a(lib_a-puts.o)
                0x0000000008010718                puts
 .text.__swbuf_r
                0x0000000008010728       0xa4 c:/st/stm32cubeide_1.4.0/stm32cubeide/plugins/com.st.stm32cube.ide.mcu.externaltools.gnu-tools-for-stm32.9-2020-q2-update.win32_1.5.0.202011040924/tools/bin/../lib/gcc/arm-none-eabi/9.3.1/../../../../arm-none-eabi/lib/thumb/v7e-m+fp/hard\libc_nano.a(lib_a-wbuf.o)
                0x0000000008010728                __swbuf_r
 .text.__swsetup_r
                0x00000000080107cc       0xdc c:/st/stm32cubeide_1.4.0/stm32cubeide/plugins/com.st.stm32cube.ide.mcu.externaltools.gnu-tools-for-stm32.9-2020-q2-update.win32_1.5.0.202011040924/tools/bin/../lib/gcc/arm-none-eabi/9.3.1/../../../../arm-none-eabi/lib/thumb/v7e-m+fp/hard\libc_nano.a(lib_a-wsetup.o)
                0x00000000080107cc                __swsetup_r
 .text.__sflush_r
                0x00000000080108a8      0x10c c:/st/stm32cubeide_1.4.0/stm32cubeide/plugins/com.st.stm32cube.ide.mcu.externaltools.gnu-tools-for-stm32.9-2020-q2-update.win32_1.5.0.202011040924/tools/bin/../lib/gcc/arm-none-eabi/9.3.1/../../../../arm-none-eabi/lib/thumb/v7e-m+fp/hard\libc_nano.a(lib_a-fflush.o)
                0x00000000080108a8                __sflush_r
 .text._fflush_r
                0x00000000080109b4       0x78 c:/st/stm32cubeide_1.4.0/stm32cubeide/plugins/com.st.stm32cube.ide.mcu.externaltools.gnu-tools-for-stm32.9-2020-q2-update.win32_1.5.0.202011040924/tools/bin/../lib/gcc/arm-none-eabi/9.3.1/../../../../arm-none-eabi/lib/thumb/v7e-m+fp/hard\libc_nano.a(lib_a-fflush.o)
                0x00000000080109b4                _fflush_r
 .text.std      0x0000000008010a2c       0x48 c:/st/stm32cubeide_1.4.0/stm32cubeide/plugins/com.st.stm32cube.ide.mcu.externaltools.gnu-tools-for-stm32.9-2020-q2-update.win32_1.5.0.202011040924/tools/bin/../lib/gcc/arm-none-eabi/9.3.1/../../../../arm-none-eabi/lib/thumb/v7e-m+fp/hard\libc_nano.a(lib_a-findfp.o)
 .text._cleanup_r
                0x0000000008010a74        0xc c:/st/stm32cubeide_1.4.0/stm32cubeide/plugins/com.st.stm32cube.ide.mcu.externaltools.gnu-tools-for-stm32.9-2020-q2-update.win32_1.5.0.202011040924/tools/bin/../lib/gcc/arm-none-eabi/9.3.1/../../../../arm-none-eabi/lib/thumb/v7e-m+fp/hard\libc_nano.a(lib_a-findfp.o)
                0x0000000008010a74                _cleanup_r
 .text.__sfmoreglue
                0x0000000008010a80       0x2c c:/st/stm32cubeide_1.4.0/stm32cubeide/plugins/com.st.stm32cube.ide.mcu.externaltools.gnu-tools-for-stm32.9-2020-q2-update.win32_1.5.0.202011040924/tools/bin/../lib/gcc/arm-none-eabi/9.3.1/../../../../arm-none-eabi/lib/thumb/v7e-m+fp/hard\libc_nano.a(lib_a-findfp.o)
                0x0000000008010a80                __sfmoreglue
 .text.__sfp_lock_acquire
                0x0000000008010aac        0xc c:/st/stm32cubeide_1.4.0/stm32cubeide/plugins/com.st.stm32cube.ide.mcu.externaltools.gnu-tools-for-stm32.9-2020-q2-update.win32_1.5.0.202011040924/tools/bin/../lib/gcc/arm-none-eabi/9.3.1/../../../../arm-none-eabi/lib/thumb/v7e-m+fp/hard\libc_nano.a(lib_a-findfp.o)
                0x0000000008010aac                __sfp_lock_acquire
 .text.__sfp_lock_release
                0x0000000008010ab8        0xc c:/st/stm32cubeide_1.4.0/stm32cubeide/plugins/com.st.stm32cube.ide.mcu.externaltools.gnu-tools-for-stm32.9-2020-q2-update.win32_1.5.0.202011040924/tools/bin/../lib/gcc/arm-none-eabi/9.3.1/../../../../arm-none-eabi/lib/thumb/v7e-m+fp/hard\libc_nano.a(lib_a-findfp.o)
                0x0000000008010ab8                __sfp_lock_release
 .text.__sinit_lock_acquire
                0x0000000008010ac4        0xc c:/st/stm32cubeide_1.4.0/stm32cubeide/plugins/com.st.stm32cube.ide.mcu.externaltools.gnu-tools-for-stm32.9-2020-q2-update.win32_1.5.0.202011040924/tools/bin/../lib/gcc/arm-none-eabi/9.3.1/../../../../arm-none-eabi/lib/thumb/v7e-m+fp/hard\libc_nano.a(lib_a-findfp.o)
                0x0000000008010ac4                __sinit_lock_acquire
 .text.__sinit_lock_release
                0x0000000008010ad0        0xc c:/st/stm32cubeide_1.4.0/stm32cubeide/plugins/com.st.stm32cube.ide.mcu.externaltools.gnu-tools-for-stm32.9-2020-q2-update.win32_1.5.0.202011040924/tools/bin/../lib/gcc/arm-none-eabi/9.3.1/../../../../arm-none-eabi/lib/thumb/v7e-m+fp/hard\libc_nano.a(lib_a-findfp.o)
                0x0000000008010ad0                __sinit_lock_release
 .text.__sinit  0x0000000008010adc       0x70 c:/st/stm32cubeide_1.4.0/stm32cubeide/plugins/com.st.stm32cube.ide.mcu.externaltools.gnu-tools-for-stm32.9-2020-q2-update.win32_1.5.0.202011040924/tools/bin/../lib/gcc/arm-none-eabi/9.3.1/../../../../arm-none-eabi/lib/thumb/v7e-m+fp/hard\libc_nano.a(lib_a-findfp.o)
                0x0000000008010adc                __sinit
 .text.__sfp    0x0000000008010b4c       0x8c c:/st/stm32cubeide_1.4.0/stm32cubeide/plugins/com.st.stm32cube.ide.mcu.externaltools.gnu-tools-for-stm32.9-2020-q2-update.win32_1.5.0.202011040924/tools/bin/../lib/gcc/arm-none-eabi/9.3.1/../../../../arm-none-eabi/lib/thumb/v7e-m+fp/hard\libc_nano.a(lib_a-findfp.o)
                0x0000000008010b4c                __sfp
 .text._fwalk_reent
                0x0000000008010bd8       0x3e c:/st/stm32cubeide_1.4.0/stm32cubeide/plugins/com.st.stm32cube.ide.mcu.externaltools.gnu-tools-for-stm32.9-2020-q2-update.win32_1.5.0.202011040924/tools/bin/../lib/gcc/arm-none-eabi/9.3.1/../../../../arm-none-eabi/lib/thumb/v7e-m+fp/hard\libc_nano.a(lib_a-fwalk.o)
                0x0000000008010bd8                _fwalk_reent
 .text.__retarget_lock_init_recursive
                0x0000000008010c16        0x2 c:/st/stm32cubeide_1.4.0/stm32cubeide/plugins/com.st.stm32cube.ide.mcu.externaltools.gnu-tools-for-stm32.9-2020-q2-update.win32_1.5.0.202011040924/tools/bin/../lib/gcc/arm-none-eabi/9.3.1/../../../../arm-none-eabi/lib/thumb/v7e-m+fp/hard\libc_nano.a(lib_a-lock.o)
                0x0000000008010c16                __retarget_lock_init_recursive
 .text.__retarget_lock_acquire_recursive