core_cm4.h:2064:26:ITM_SendChar	16	static,ignoring_inline_asm
main.c:141:5:__io_putchar	16	static
main.c:173:5:main	24	static
main.c:365:6:SystemClock_Config	88	static
main.c:409:13:MX_DCMI_Init	8	static
main.c:442:13:MX_I2C1_Init	8	static
main.c:476:13:MX_I2C2_Init	8	static
main.c:510:13:MX_SPI2_Init	8	static
main.c:548:13:MX_TIM2_Init	48	static
main.c:595:13:MX_DMA_Init	16	static
main.c:613:13:MX_GPIO_Init	56	static
main.c:680:13:MX_FSMC_Init	40	static
main.c:734:9:cameraWriteReg	72	static
main.c:747:9:cameraReadReg	72	static
main.c:764:6:HAL_DCMI_FrameEventCallback	16	static
main.c:769:6:HAL_DCMI_HsyncCallback	16	static
main.c:773:6:HAL_DCMI_VsyncCallback	16	static
main.c:777:6:CDC_Recive_Callback	16	static
main.c:793:6:StartDefaultTask	16	static
main.c:813:6:StartGetPictureFromCamera	16	static
main.c:835:6:StartSendPictureToPy	24	static
main.c:865:6:StartGetCoordFromPy	16	static
main.c:888:6:StartShowPicture	40	static
main.c:920:6:HAL_TIM_PeriodElapsedCallback	16	static
main.c:937:6:Error_Handler	4	static,ignoring_inline_asm
